============================= test session starts =============================
platform win32 -- Python 3.11.9, pytest-9.1.1, pluggy-1.6.0 -- C:\Users\honey\fakewebsite\venv\Scripts\python.exe
cachedir: .pytest_cache
hypothesis profile 'default'
rootdir: C:\Users\honey\fakewebsite
configfile: pyproject.toml
plugins: anyio-4.14.2, hypothesis-6.165.2, asyncio-1.4.0, timeout-2.4.0
asyncio: mode=Mode.AUTO, debug=False, asyncio_default_fixture_loop_scope=None, asyncio_default_test_loop_scope=function
collecting ... collected 94 items

tests/test_integration_end_to_end.py::TestTask14_1_ComponentWiring::test_default_component_construction PASSED [  1%]
tests/test_integration_end_to_end.py::TestTask14_1_ComponentWiring::test_component_method_signatures_compatibility PASSED [  2%]
tests/test_integration_end_to_end.py::TestTask14_1_ComponentWiring::test_analyze_website_default_components_invalid_url PASSED [  3%]
tests/test_integration_end_to_end.py::TestTask14_1_ComponentWiring::test_analyze_website_isolation_check_default_host_behavior PASSED [  4%]
tests/test_integration_end_to_end.py::TestTask14_1_ComponentWiring::test_end_to_end_real_flow_with_validated_isolation PASSED [  5%]
tests/test_integration_end_to_end.py::TestTask14_1_ComponentWiring::test_sandbox_cleanup_called_on_pipeline_exit PASSED [  6%]
tests/test_integration_end_to_end.py::TestTask14_2_CompleteAnalysisFlow::test_e2e_complete_analysis_authentic_website PASSED [  7%]
tests/test_integration_end_to_end.py::TestTask14_2_CompleteAnalysisFlow::test_e2e_complete_analysis_suspicious_website FAILED [  8%]
tests/test_integration_end_to_end.py::TestTask14_2_CompleteAnalysisFlow::test_e2e_performance_analysis_under_10_seconds PASSED [  9%]
tests/test_integration_end_to_end.py::TestTask14_2_CompleteAnalysisFlow::test_e2e_performance_error_response_under_500ms PASSED [ 10%]
tests/test_integration_end_to_end.py::TestTask14_2_CompleteAnalysisFlow::test_e2e_repeated_analyses_sandbox_cleanup_and_reset PASSED [ 11%]
tests/test_integration_end_to_end.py::TestTask14_2_CompleteAnalysisFlow::test_e2e_insufficient_data_retry_flow PASSED [ 12%]
tests/test_phishing_detection_layers.py::test_scenario_a_legitimate_websites[https://www.google.com-Google] PASSED [ 13%]
tests/test_phishing_detection_layers.py::test_scenario_a_legitimate_websites[https://www.microsoft.com-Microsoft] PASSED [ 14%]
tests/test_phishing_detection_layers.py::test_scenario_a_legitimate_websites[https://www.amazon.com-Amazon] PASSED [ 15%]
tests/test_phishing_detection_layers.py::test_scenario_b_brand_impersonation[https://google.example.com] PASSED [ 17%]
tests/test_phishing_detection_layers.py::test_scenario_b_brand_impersonation[https://microsoft-login.example.com] PASSED [ 18%]
tests/test_phishing_detection_layers.py::test_scenario_b_brand_impersonation[https://allegro.example.com] PASSED [ 19%]
tests/test_phishing_detection_layers.py::test_scenario_c_allegro_oferta_suspicious_subdomain PASSED [ 20%]
tests/test_phishing_detection_layers.py::test_scenario_d_credential_phishing_form PASSED [ 21%]
tests/test_phishing_detection_layers.py::test_scenario_e_cross_domain_credential_submission PASSED [ 22%]
tests/test_phishing_detection_layers.py::test_scenario_f_excessive_hidden_inputs PASSED [ 23%]
tests/test_phishing_detection_layers.py::test_scenario_g_excessive_iframes PASSED [ 24%]
tests/test_phishing_detection_layers.py::test_scenario_h_punycode_homograph_domain PASSED [ 25%]
tests/test_phishing_detection_layers.py::test_scenario_i_ip_address_url PASSED [ 26%]
tests/test_phishing_detection_layers.py::test_scenario_j_numeric_random_hostname PASSED [ 27%]
tests/test_phishing_detection_layers.py::test_scenario_k_threat_intelligence_flag PASSED [ 28%]
tests/test_phishing_detection_layers.py::test_scenario_l_valid_ssl_on_phishing_site PASSED [ 29%]
tests/test_phishing_detection_layers.py::test_scenario_m_legitimate_login_pages[https://accounts.google.com/signin-Google Sign In] PASSED [ 30%]
tests/test_phishing_detection_layers.py::test_scenario_m_legitimate_login_pages[https://login.microsoftonline.com-Microsoft Sign In] PASSED [ 31%]
tests/test_phishing_detection_layers.py::test_scenario_m_legitimate_login_pages[https://allegro.pl/logowanie-Allegro - Logowanie] PASSED [ 32%]
tests/test_phishing_detection_layers.py::test_scenario_n_url_validation_rejections FAILED [ 34%]
tests/test_sandbox_integration.py::TestTask14_3_IsolationBoundaryValidation::test_isolation_validated_before_url_load PASSED [ 35%]
tests/test_sandbox_integration.py::TestTask14_3_IsolationBoundaryValidation::test_isolation_failure_blocks_url_load PASSED [ 36%]
tests/test_sandbox_integration.py::TestTask14_3_IsolationBoundaryValidation::test_isolation_failure_terminates_sandbox_within_2_seconds PASSED [ 37%]
tests/test_sandbox_integration.py::TestTask14_3_IsolationBoundaryValidation::test_filesystem_isolation_check_described_in_error PASSED [ 38%]
tests/test_sandbox_integration.py::TestTask14_3_IsolationBoundaryValidation::test_process_isolation_check_described_in_error PASSED [ 39%]
tests/test_sandbox_integration.py::TestTask14_3_IsolationBoundaryValidation::test_network_isolation_check_described_in_error PASSED [ 40%]
tests/test_sandbox_integration.py::TestTask14_3_IsolationCheckFailureHandling::test_validate_isolation_returns_false_when_not_in_container PASSED [ 41%]
tests/test_sandbox_integration.py::TestTask14_3_IsolationCheckFailureHandling::test_validate_isolation_returns_false_when_unvalidated_container PASSED [ 42%]
tests/test_sandbox_integration.py::TestTask14_3_IsolationCheckFailureHandling::test_validate_isolation_returns_true_when_validated PASSED [ 43%]
tests/test_sandbox_integration.py::TestTask14_3_IsolationCheckFailureHandling::test_sandbox_terminate_called_with_force_on_isolation_failure PASSED [ 44%]
tests/test_sandbox_integration.py::TestTask14_3_IsolationCheckFailureHandling::test_no_goto_called_when_isolation_fails PASSED [ 45%]
tests/test_sandbox_integration.py::TestTask14_3_IsolationCheckFailureHandling::test_create_sandbox_raises_on_isolation_failure PASSED [ 46%]
tests/test_sandbox_integration.py::TestTask14_3_ViolationLogging::test_filesystem_violation_logged_with_timestamp_and_path PASSED [ 47%]
tests/test_sandbox_integration.py::TestTask14_3_ViolationLogging::test_filesystem_violation_recorded_in_monitor PASSED [ 48%]
tests/test_sandbox_integration.py::TestTask14_3_ViolationLogging::test_filesystem_violation_to_dict_has_required_fields PASSED [ 50%]
tests/test_sandbox_integration.py::TestTask14_3_ViolationLogging::test_process_violation_logged_with_timestamp_and_process_name PASSED [ 51%]
tests/test_sandbox_integration.py::TestTask14_3_ViolationLogging::test_process_violation_recorded_in_monitor PASSED [ 52%]
tests/test_sandbox_integration.py::TestTask14_3_ViolationLogging::test_process_violation_to_dict_has_required_fields PASSED [ 53%]
tests/test_sandbox_integration.py::TestTask14_3_ViolationLogging::test_network_violation_logged_with_timestamp_and_ip PASSED [ 54%]
tests/test_sandbox_integration.py::TestTask14_3_ViolationLogging::test_network_violation_recorded_in_monitor PASSED [ 55%]
tests/test_sandbox_integration.py::TestTask14_3_ViolationLogging::test_network_violation_to_dict_has_required_fields PASSED [ 56%]
tests/test_sandbox_integration.py::TestTask14_3_ViolationLogging::test_multiple_violation_types_all_captured PASSED [ 57%]
tests/test_sandbox_integration.py::TestTask14_3_ViolationLogging::test_violations_cleared_between_analyses PASSED [ 58%]
tests/test_sandbox_integration.py::TestTask14_3_ViolationLogging::test_violation_timestamp_is_recent PASSED [ 59%]
tests/test_sandbox_integration.py::TestTask14_3_NetworkIsolationBreach::test_rfc1918_10_prefix_blocked_and_logged PASSED [ 60%]
tests/test_sandbox_integration.py::TestTask14_3_NetworkIsolationBreach::test_rfc1918_172_prefix_blocked_and_logged PASSED [ 61%]
tests/test_sandbox_integration.py::TestTask14_3_NetworkIsolationBreach::test_rfc1918_192_168_prefix_blocked_and_logged PASSED [ 62%]
tests/test_sandbox_integration.py::TestTask14_3_NetworkIsolationBreach::test_localhost_127_0_0_1_blocked_and_logged PASSED [ 63%]
tests/test_sandbox_integration.py::TestTask14_3_NetworkIsolationBreach::test_cloud_metadata_service_blocked_and_logged PASSED [ 64%]
tests/test_sandbox_integration.py::TestTask14_3_NetworkIsolationBreach::test_violation_sandbox_terminated_on_network_breach PASSED [ 65%]
tests/test_sandbox_integration.py::TestTask14_3_NetworkIsolationBreach::test_public_ip_not_blocked PASSED [ 67%]
tests/test_sandbox_integration.py::TestTask14_3_InternalIpDetection::test_internal_ip_detected[127.0.0.1] PASSED [ 68%]
tests/test_sandbox_integration.py::TestTask14_3_InternalIpDetection::test_internal_ip_detected[127.0.0.100] PASSED [ 69%]
tests/test_sandbox_integration.py::TestTask14_3_InternalIpDetection::test_internal_ip_detected[localhost] PASSED [ 70%]
tests/test_sandbox_integration.py::TestTask14_3_InternalIpDetection::test_internal_ip_detected[0.0.0.0] PASSED [ 71%]
tests/test_sandbox_integration.py::TestTask14_3_InternalIpDetection::test_internal_ip_detected[10.0.0.1] PASSED [ 72%]
tests/test_sandbox_integration.py::TestTask14_3_InternalIpDetection::test_internal_ip_detected[10.255.255.255] PASSED [ 73%]
tests/test_sandbox_integration.py::TestTask14_3_InternalIpDetection::test_internal_ip_detected[172.16.0.1] PASSED [ 74%]
tests/test_sandbox_integration.py::TestTask14_3_InternalIpDetection::test_internal_ip_detected[172.31.255.255] PASSED [ 75%]
tests/test_sandbox_integration.py::TestTask14_3_InternalIpDetection::test_internal_ip_detected[192.168.0.1] PASSED [ 76%]
tests/test_sandbox_integration.py::TestTask14_3_InternalIpDetection::test_internal_ip_detected[192.168.255.255] PASSED [ 77%]
tests/test_sandbox_integration.py::TestTask14_3_InternalIpDetection::test_internal_ip_detected[169.254.169.254] PASSED [ 78%]
tests/test_sandbox_integration.py::TestTask14_3_InternalIpDetection::test_internal_ip_detected[169.254.1.1] PASSED [ 79%]
tests/test_sandbox_integration.py::TestTask14_3_InternalIpDetection::test_internal_ip_detected[::1] PASSED [ 80%]
tests/test_sandbox_integration.py::TestTask14_3_InternalIpDetection::test_public_ip_not_blocked[8.8.8.8] PASSED [ 81%]
tests/test_sandbox_integration.py::TestTask14_3_InternalIpDetection::test_public_ip_not_blocked[1.1.1.1] PASSED [ 82%]
tests/test_sandbox_integration.py::TestTask14_3_InternalIpDetection::test_public_ip_not_blocked[151.101.1.1] PASSED [ 84%]
tests/test_sandbox_integration.py::TestTask14_3_InternalIpDetection::test_public_ip_not_blocked[93.184.216.34] PASSED [ 85%]
tests/test_sandbox_integration.py::TestTask14_3_ViolationInAnalysisPipeline::test_violation_accessible_after_blocked_load PASSED [ 86%]
tests/test_sandbox_integration.py::TestTask14_3_ViolationInAnalysisPipeline::test_violation_includes_target_ip PASSED [ 87%]
tests/test_sandbox_integration.py::TestTask14_3_ViolationInAnalysisPipeline::test_violation_includes_container_id PASSED [ 88%]
tests/test_sandbox_integration.py::TestTask14_3_ViolationInAnalysisPipeline::test_filesystem_violation_includes_path_in_target PASSED [ 89%]
tests/test_sandbox_integration.py::TestTask14_3_ViolationInAnalysisPipeline::test_process_violation_includes_process_name_in_target PASSED [ 90%]
tests/test_sandbox_integration.py::TestTask14_3_DockerIsolationBreach::test_isolation_orchestrator_produces_assessment PASSED [ 91%]
tests/test_sandbox_integration.py::TestTask14_3_DockerIsolationBreach::test_isolation_orchestrator_collects_filesystem_evidence FAILED [ 92%]
tests/test_sandbox_integration.py::TestTask14_3_DockerIsolationBreach::test_isolation_orchestrator_collects_process_evidence FAILED [ 93%]
tests/test_sandbox_integration.py::TestTask14_3_DockerIsolationBreach::test_isolation_orchestrator_collects_network_evidence FAILED [ 94%]
tests/test_sandbox_integration.py::TestTask14_3_DockerIsolationBreach::test_misconfigured_container_fails_assessment PASSED [ 95%]
tests/test_sandbox_integration.py::TestTask14_3_DockerIsolationBreach::test_no_privileged_containers_used_in_tests PASSED [ 96%]
tests/test_sandbox_integration.py::TestTask14_3_RealContainerBreachPrevention::test_real_container_filesystem_write_is_blocked PASSED [ 97%]
tests/test_sandbox_integration.py::TestTask14_3_RealContainerBreachPrevention::test_real_container_process_creation_is_blocked PASSED [ 98%]
tests/test_sandbox_integration.py::TestTask14_3_RealContainerBreachPrevention::test_unhardened_container_allows_write_proving_security_control_causality PASSED [100%]

================================== FAILURES ===================================
_ TestTask14_2_CompleteAnalysisFlow.test_e2e_complete_analysis_suspicious_website _

self = <tests.test_integration_end_to_end.TestTask14_2_CompleteAnalysisFlow object at 0x00000171F3A3A050>
suspicious_analysis_data = AnalysisData(network=NetworkData(request_count=40, unique_domains=['track0.phishingserver.xyz', 'track1.phishingserver.xyz', 'track2.phishingserver.xyz', 'track3.phishingserver.xyz', 'track4.phishingserver.xyz', 'track5.phishingserver.xyz', 'track6.phishingserver.xyz', 'track7.phishingserver.xyz', 'track8.phishingserver.xyz', 'track9.phishingserver.xyz', 'track10.phishingserver.xyz', 'track11.phishingserver.xyz', 'track12.phishingserver.xyz', 'track13.phishingserver.xyz', 'track14.phishingserver.xyz', 'track15.phishingserver.xyz', 'track16.phishingserver.xyz', 'track17.phishingserver.xyz', 'track18.phishingserver.xyz', 'track19.phishingserver.xyz', 'track20.phishingserver.xyz', 'track21.phishingserver.xyz', 'track22.phishingserver.xyz', 'track23.phishingserver.xyz', 'track24.phishingserver.xyz', 'track25.phishingserver.xyz', 'track26.phishingserver.xyz', 'track27.phishingserver.xyz', 'track28.phishingserver.xyz', 'track29.phishingserver.xyz', 'track30.phishingserver.xyz', 'track31.phishingserver.xyz', 'track32.phishingserver.xyz', 'track33.phishingserver.xyz', 'track34.phishingserver.xyz'], protocol_distribution={'http': 40}, failed=False), dom=DOMData(html_content="<html><head><title>Login</title></head><body><iframe src='http://hidden-payload.ru'></iframe></body></html>", structure_metrics={'element_count': 2, 'iframe_count': 8, 'form_count': 15}, failed=False), javascript=JavaScriptData(script_count=35, dom_modifications=80, external_api_calls=50, failed=False), visual=VisualData(screenshot_path='', layout_characteristics={}, failed=False), ssl=SSLData(issuer='', expiration_date='2020-01-01T00:00:00Z', chain_valid=False, failed=False), timeout_occurred=False, categories_collected=5)

    def test_e2e_complete_analysis_suspicious_website(self, suspicious_analysis_data):
        """2. Complete analysis flow on suspicious website yields Fake_Score > 0.5 with indicators."""
        detector = AuthenticityDetector()
    
        with patch.object(detector.sandbox_manager, "_detect_container_environment", return_value=True):
            detector.sandbox_manager.set_isolation_validated("container-susp-1")
    
            class MockSandbox:
                async def load_url(self, url, timeout=30):
                    return True
    
            async def mock_create():
                return MockSandbox()
    
            async def mock_collect(sandbox, url, timeout=60):
                return suspicious_analysis_data
    
            detector.sandbox_manager.create_sandbox = mock_create
            detector.data_collector.collect_all = mock_collect
    
            start = time.perf_counter()
            res = detector.analyze_website("https://suspicious-login.phishing.example")
            elapsed = time.perf_counter() - start
    
            assert elapsed < 10.0, f"Analysis took {elapsed:.2f}s"
            assert isinstance(res, dict)
            assert res["error_message"] is None
    
            # Fake score > 50%
            auth_val = float(res["authenticity_score"].rstrip("%"))
            fake_val = float(res["fake_score"].rstrip("%"))
>           assert fake_val > 50.0, f"Expected fake score > 50%, got {fake_val}%"
E           AssertionError: Expected fake score > 50%, got 50.0%
E           assert 50.0 > 50.0

tests\test_integration_end_to_end.py:361: AssertionError
__________________ test_scenario_n_url_validation_rejections __________________

    def test_scenario_n_url_validation_rejections():
        validator = InputValidator()
    
        # Single-word hostname without TLD must be rejected with INVALID_URL
        is_valid, err = validator.validate_url("https://google")
>       assert not is_valid
E       assert not True

tests\test_phishing_detection_layers.py:288: AssertionError
_ TestTask14_3_DockerIsolationBreach.test_isolation_orchestrator_collects_filesystem_evidence _

self = <tests.test_sandbox_integration.TestTask14_3_DockerIsolationBreach object at 0x00000171F3CF3F50>
minimal_container = <Container: 6498c01fcd99>

    def test_isolation_orchestrator_collects_filesystem_evidence(
        self, minimal_container
    ):
        """IsolationOrchestrator collects filesystem evidence from real container."""
        from src.isolation_orchestrator import IsolationOrchestrator
        orchestrator = IsolationOrchestrator()
        assessment = orchestrator.validate_isolation(minimal_container)
    
>       assert len(assessment.evidence.filesystem_evidence) > 0
E       assert 0 > 0
E        +  where 0 = len({})
E        +    where {} = EvidenceAggregate(container_validation=ValidationResult(valid=False, container_id='6498c01fcd99', checks=[SecurityCheck(property_name='privileged', passed=True, observed_value=False, expected_condition='Privileged must be false', severity='error'), SecurityCheck(property_name='privileged', passed=True, observed_value=False, expected_condition='Privileged must be False', severity='error'), SecurityCheck(property_name='readonly_rootfs', passed=False, observed_value=False, expected_condition='ReadonlyRootfs must be true for hardened configuration', severity='error'), SecurityCheck(property_name='bind_mounts', passed=True, observed_value={'invalid_mounts': 'none', 'approved_tmpfs_mounts': 'none', 'total_mounts': 0}, expected_condition='Only approved tmpfs mounts at /tmp and /analysis/temp (max 64MB, nosuid, nodev, noexec)', severity='error'), SecurityCheck(property_name='docker_socket_access', passed=True, observed_value='none', expected_condition='Docker socket must not be mounted', severity='error'), SecurityCheck(property_name='host_filesystem_mounts', passed=True, observed_value='none', expected_condition='Host filesystem must not be mounted', severity='error'), SecurityCheck(property_name='pid_mode', passed=True, observed_value='default', expected_condition="PidMode must not be 'host' and must have explicit isolation", severity='error'), SecurityCheck(property_name='ipc_mode', passed=True, observed_value='private', expected_condition="IpcMode must not be 'host' and must have explicit isolation", severity='error'), SecurityCheck(property_name='network_mode', passed=True, observed_value='bridge', expected_condition="NetworkMode must be 'bridge' for controlled external access", severity='error'), SecurityCheck(property_name='capabilities', passed=False, observed_value={'cap_add': [], 'cap_drop': [], 'has_all_drop': False, 'has_any_cap_add': False}, expected_condition="CapDrop must contain 'ALL', no CapAdd entries allowed", severity='error'), SecurityCheck(property_name='no_new_privileges', passed=False, observed_value=[], expected_condition='no-new-privileges must be enabled in SecurityOpt', severity='error'), SecurityCheck(property_name='memory_limit', passed=True, observed_value=67108864, expected_condition='Memory limit must be configured (> 0)', severity='error'), SecurityCheck(property_name='pid_limit', passed=True, observed_value=50, expected_condition='PID limit must be configured', severity='error'), SecurityCheck(property_name='cpu_limits', passed=False, observed_value={'cpu_quota': 0, 'cpu_period': 0, 'cpu_shares': 0, 'nano_cpus': 0, 'cpuset_cpus': ''}, expected_condition='At least one CPU restriction must be configured', severity='error'), SecurityCheck(property_name='user', passed=True, observed_value='nobody', expected_condition='Container must run as non-root user', severity='error'), SecurityCheck(property_name='tmpfs_restrictions', passed=True, observed_value='none', expected_condition="Tmpfs only allowed in: {'/analysis/temp', '/tmp'}", severity='error')], violations=[SecurityCheck(property_name='readonly_rootfs', passed=False, observed_value=False, expected_condition='ReadonlyRootfs must be true for hardened configuration', severity='error'), SecurityCheck(property_name='capabilities', passed=False, observed_value={'cap_add': [], 'cap_drop': [], 'has_all_drop': False, 'has_any_cap_add': False}, expected_condition="CapDrop must contain 'ALL', no CapAdd entries allowed", severity='error'), SecurityCheck(property_name='no_new_privileges', passed=False, observed_value=[], expected_condition='no-new-privileges must be enabled in SecurityOpt', severity='error'), SecurityCheck(property_name='cpu_limits', passed=False, observed_value={'cpu_quota': 0, 'cpu_period': 0, 'cpu_shares': 0, 'nano_cpus': 0, 'cpuset_cpus': ''}, expected_condition='At least one CPU restriction must be configured', severity='error')], timestamp=datetime.datetime(2026, 8, 30, 22, 23, 15, 864469, tzinfo=datetime.timezone.utc)), filesystem_evidence={}, process_evidence={}, network_evidence={}, timestamp=datetime.datetime(2026, 8, 30, 22, 23, 15, 878405, tzinfo=datetime.timezone.utc), config_runtime_consistent=False, all_critical_evidence_collected=False, evidence_collection_errors=['in_container_probe_runner_exit_code_127: OCI runtime exec failed: exec failed: unable to start container process: chdir to cwd ("/analysis") set in config.json failed: no such file or directory\r\n', 'invalid_probe_output_format: OCI runtime exec failed: exec failed: unable to start container process: chdir to cwd ("/analysis") set in config.json failed: no such file or directory\r\n']).filesystem_evidence
E        +      where EvidenceAggregate(container_validation=ValidationResult(valid=False, container_id='6498c01fcd99', checks=[SecurityCheck(property_name='privileged', passed=True, observed_value=False, expected_condition='Privileged must be false', severity='error'), SecurityCheck(property_name='privileged', passed=True, observed_value=False, expected_condition='Privileged must be False', severity='error'), SecurityCheck(property_name='readonly_rootfs', passed=False, observed_value=False, expected_condition='ReadonlyRootfs must be true for hardened configuration', severity='error'), SecurityCheck(property_name='bind_mounts', passed=True, observed_value={'invalid_mounts': 'none', 'approved_tmpfs_mounts': 'none', 'total_mounts': 0}, expected_condition='Only approved tmpfs mounts at /tmp and /analysis/temp (max 64MB, nosuid, nodev, noexec)', severity='error'), SecurityCheck(property_name='docker_socket_access', passed=True, observed_value='none', expected_condition='Docker socket must not be mounted', severity='error'), SecurityCheck(property_name='host_filesystem_mounts', passed=True, observed_value='none', expected_condition='Host filesystem must not be mounted', severity='error'), SecurityCheck(property_name='pid_mode', passed=True, observed_value='default', expected_condition="PidMode must not be 'host' and must have explicit isolation", severity='error'), SecurityCheck(property_name='ipc_mode', passed=True, observed_value='private', expected_condition="IpcMode must not be 'host' and must have explicit isolation", severity='error'), SecurityCheck(property_name='network_mode', passed=True, observed_value='bridge', expected_condition="NetworkMode must be 'bridge' for controlled external access", severity='error'), SecurityCheck(property_name='capabilities', passed=False, observed_value={'cap_add': [], 'cap_drop': [], 'has_all_drop': False, 'has_any_cap_add': False}, expected_condition="CapDrop must contain 'ALL', no CapAdd entries allowed", severity='error'), SecurityCheck(property_name='no_new_privileges', passed=False, observed_value=[], expected_condition='no-new-privileges must be enabled in SecurityOpt', severity='error'), SecurityCheck(property_name='memory_limit', passed=True, observed_value=67108864, expected_condition='Memory limit must be configured (> 0)', severity='error'), SecurityCheck(property_name='pid_limit', passed=True, observed_value=50, expected_condition='PID limit must be configured', severity='error'), SecurityCheck(property_name='cpu_limits', passed=False, observed_value={'cpu_quota': 0, 'cpu_period': 0, 'cpu_shares': 0, 'nano_cpus': 0, 'cpuset_cpus': ''}, expected_condition='At least one CPU restriction must be configured', severity='error'), SecurityCheck(property_name='user', passed=True, observed_value='nobody', expected_condition='Container must run as non-root user', severity='error'), SecurityCheck(property_name='tmpfs_restrictions', passed=True, observed_value='none', expected_condition="Tmpfs only allowed in: {'/analysis/temp', '/tmp'}", severity='error')], violations=[SecurityCheck(property_name='readonly_rootfs', passed=False, observed_value=False, expected_condition='ReadonlyRootfs must be true for hardened configuration', severity='error'), SecurityCheck(property_name='capabilities', passed=False, observed_value={'cap_add': [], 'cap_drop': [], 'has_all_drop': False, 'has_any_cap_add': False}, expected_condition="CapDrop must contain 'ALL', no CapAdd entries allowed", severity='error'), SecurityCheck(property_name='no_new_privileges', passed=False, observed_value=[], expected_condition='no-new-privileges must be enabled in SecurityOpt', severity='error'), SecurityCheck(property_name='cpu_limits', passed=False, observed_value={'cpu_quota': 0, 'cpu_period': 0, 'cpu_shares': 0, 'nano_cpus': 0, 'cpuset_cpus': ''}, expected_condition='At least one CPU restriction must be configured', severity='error')], timestamp=datetime.datetime(2026, 8, 30, 22, 23, 15, 864469, tzinfo=datetime.timezone.utc)), filesystem_evidence={}, process_evidence={}, network_evidence={}, timestamp=datetime.datetime(2026, 8, 30, 22, 23, 15, 878405, tzinfo=datetime.timezone.utc), config_runtime_consistent=False, all_critical_evidence_collected=False, evidence_collection_errors=['in_container_probe_runner_exit_code_127: OCI runtime exec failed: exec failed: unable to start container process: chdir to cwd ("/analysis") set in config.json failed: no such file or directory\r\n', 'invalid_probe_output_format: OCI runtime exec failed: exec failed: unable to start container process: chdir to cwd ("/analysis") set in config.json failed: no such file or directory\r\n']) = IsolationAssessment(valid=False, assessment_type='FAIL', container_id='6498c01fcd99', evidence=EvidenceAggregate(container_validation=ValidationResult(valid=False, container_id='6498c01fcd99', checks=[SecurityCheck(property_name='privileged', passed=True, observed_value=False, expected_condition='Privileged must be false', severity='error'), SecurityCheck(property_name='privileged', passed=True, observed_value=False, expected_condition='Privileged must be False', severity='error'), SecurityCheck(property_name='readonly_rootfs', passed=False, observed_value=False, expected_condition='ReadonlyRootfs must be true for hardened configuration', severity='error'), SecurityCheck(property_name='bind_mounts', passed=True, observed_value={'invalid_mounts': 'none', 'approved_tmpfs_mounts': 'none', 'total_mounts': 0}, expected_condition='Only approved tmpfs mounts at /tmp and /analysis/temp (max 64MB, nosuid, nodev, noexec)', severity='error'), SecurityCheck(property_name='docker_socket_access', passed=True, observed_value='none', expected_condition='Docker socket must not be mounted', severity='error'), SecurityCheck(property_name='host_filesystem_mounts', passed=True, observed_value='none', expected_condition='Host filesystem must not be mounted', severity='error'), SecurityCheck(property_name='pid_mode', passed=True, observed_value='default', expected_condition="PidMode must not be 'host' and must have explicit isolation", severity='error'), SecurityCheck(property_name='ipc_mode', passed=True, observed_value='private', expected_condition="IpcMode must not be 'host' and must have explicit isolation", severity='error'), SecurityCheck(property_name='network_mode', passed=True, observed_value='bridge', expected_condition="NetworkMode must be 'bridge' for controlled external access", severity='error'), SecurityCheck(property_name='capabilities', passed=False, observed_value={'cap_add': [], 'cap_drop': [], 'has_all_drop': False, 'has_any_cap_add': False}, expected_condition="CapDrop must contain 'ALL', no CapAdd entries allowed", severity='error'), SecurityCheck(property_name='no_new_privileges', passed=False, observed_value=[], expected_condition='no-new-privileges must be enabled in SecurityOpt', severity='error'), SecurityCheck(property_name='memory_limit', passed=True, observed_value=67108864, expected_condition='Memory limit must be configured (> 0)', severity='error'), SecurityCheck(property_name='pid_limit', passed=True, observed_value=50, expected_condition='PID limit must be configured', severity='error'), SecurityCheck(property_name='cpu_limits', passed=False, observed_value={'cpu_quota': 0, 'cpu_period': 0, 'cpu_shares': 0, 'nano_cpus': 0, 'cpuset_cpus': ''}, expected_condition='At least one CPU restriction must be configured', severity='error'), SecurityCheck(property_name='user', passed=True, observed_value='nobody', expected_condition='Container must run as non-root user', severity='error'), SecurityCheck(property_name='tmpfs_restrictions', passed=True, observed_value='none', expected_condition="Tmpfs only allowed in: {'/analysis/temp', '/tmp'}", severity='error')], violations=[SecurityCheck(property_name='readonly_rootfs', passed=False, observed_value=False, expected_condition='ReadonlyRootfs must be true for hardened configuration', severity='error'), SecurityCheck(property_name='capabilities', passed=False, observed_value={'cap_add': [], 'cap_drop': [], 'has_all_drop': False, 'has_any_cap_add': False}, expected_condition="CapDrop must contain 'ALL', no CapAdd entries allowed", severity='error'), SecurityCheck(property_name='no_new_privileges', passed=False, observed_value=[], expected_condition='no-new-privileges must be enabled in SecurityOpt', severity='error'), SecurityCheck(property_name='cpu_limits', passed=False, observed_value={'cpu_quota': 0, 'cpu_period': 0, 'cpu_shares': 0, 'nano_cpus': 0, 'cpuset_cpus': ''}, expected_condition='At least one CPU restriction must be configured', severity='error')], timestamp=datetime.datetime(2026, 8, 30, 22, 23, 15, 864469, tzinfo=datetime.timezone.utc)), filesystem_evidence={}, process_evidence={}, network_evidence={}, timestamp=datetime.datetime(2026, 8, 30, 22, 23, 15, 878405, tzinfo=datetime.timezone.utc), config_runtime_consistent=False, all_critical_evidence_collected=False, evidence_collection_errors=['in_container_probe_runner_exit_code_127: OCI runtime exec failed: exec failed: unable to start container process: chdir to cwd ("/analysis") set in config.json failed: no such file or directory\r\n', 'invalid_probe_output_format: OCI runtime exec failed: exec failed: unable to start container process: chdir to cwd ("/analysis") set in config.json failed: no such file or directory\r\n']), security_critical_failures=['container_configuration_invalid', 'config_readonly_rootfs', 'config_capabilities', 'config_no_new_privileges', 'config_cpu_limits', 'critical_evidence_missing', 'missing_rootfs_readonly', 'missing_tmpfs_writability', 'missing_pid_namespace_evidence', 'missing_process_visibility', 'missing_network_namespace_evidence', 'missing_network_interface_evidence', 'evidence_collection_errors', 'collection_error: in_container_probe_runner_exit_code_127: OCI runtime exec failed: exec failed: unable to start container process: chdir to cwd ("/analysis") set in config.json failed: no such file or directory\r\n', 'collection_error: invalid_probe_output_format: OCI runtime exec failed: exec failed: unable to start container process: chdir to cwd ("/analysis") set in config.json failed: no such file or directory\r\n', 'config_runtime_inconsistent'], warnings=[], error_message='container_configuration_invalid ; config_readonly_rootfs ; config_capabilities ; config_no_new_privileges ; config_cpu_limits ; critical_evidence_missing ; missing_rootfs_readonly ; missing_tmpfs_writability ; missing_pid_namespace_evidence ; missing_process_visibility ; missing_network_namespace_evidence ; missing_network_interface_evidence ; evidence_collection_errors ; collection_error: in_container_probe_runner_exit_code_127: OCI runtime exec failed: exec failed: unable to start container process: chdir to cwd ("/analysis") set in config.json failed: no such file or directory\r\n ; collection_error: invalid_probe_output_format: OCI runtime exec failed: exec failed: unable to start container process: chdir to cwd ("/analysis") set in config.json failed: no such file or directory\r\n ; config_runtime_inconsistent', timestamp=datetime.datetime(2026, 8, 30, 22, 23, 16, 73243, tzinfo=datetime.timezone.utc)).evidence

tests\test_sandbox_integration.py:732: AssertionError
------------------------------ Captured log call ------------------------------
ERROR    src.container_validator:container_validator.py:256 Container 6498c01fcd99 validation failed: readonly_rootfs=False
ERROR    src.container_validator:container_validator.py:640 Container 6498c01fcd99 validation failed: capabilities check failed
ERROR    src.container_validator:container_validator.py:671 Container 6498c01fcd99 validation failed: no_new_privileges missing
ERROR    src.container_validator:container_validator.py:776 Container 6498c01fcd99 validation failed: cpu_limits missing
ERROR    src.container_validator:container_validator.py:188 Container 6498c01fcd99 failed security validation
ERROR    src.isolation_orchestrator:isolation_orchestrator.py:362 In-container probe runner failed with exit code 127: OCI runtime exec failed: exec failed: unable to start container process: chdir to cwd ("/analysis") set in config.json failed: no such file or directory


ERROR    src.isolation_orchestrator:isolation_orchestrator.py:412 In-container probe runner returned invalid output format: OCI runtime exec failed: exec failed: unable to start container process: chdir to cwd ("/analysis") set in config.json failed: no such file or directory


ERROR    src.isolation_orchestrator:isolation_orchestrator.py:198 Container 6498c01fcd99 isolation validation FAILED
_ TestTask14_3_DockerIsolationBreach.test_isolation_orchestrator_collects_process_evidence _

self = <tests.test_sandbox_integration.TestTask14_3_DockerIsolationBreach object at 0x00000171F3CFC310>
minimal_container = <Container: d946cbce2952>

    def test_isolation_orchestrator_collects_process_evidence(
        self, minimal_container
    ):
        """IsolationOrchestrator collects process evidence from real container."""
        from src.isolation_orchestrator import IsolationOrchestrator
        orchestrator = IsolationOrchestrator()
        assessment = orchestrator.validate_isolation(minimal_container)
    
>       assert len(assessment.evidence.process_evidence) > 0
E       assert 0 > 0
E        +  where 0 = len({})
E        +    where {} = EvidenceAggregate(container_validation=ValidationResult(valid=False, container_id='d946cbce2952', checks=[SecurityCheck(property_name='privileged', passed=True, observed_value=False, expected_condition='Privileged must be false', severity='error'), SecurityCheck(property_name='privileged', passed=True, observed_value=False, expected_condition='Privileged must be False', severity='error'), SecurityCheck(property_name='readonly_rootfs', passed=False, observed_value=False, expected_condition='ReadonlyRootfs must be true for hardened configuration', severity='error'), SecurityCheck(property_name='bind_mounts', passed=True, observed_value={'invalid_mounts': 'none', 'approved_tmpfs_mounts': 'none', 'total_mounts': 0}, expected_condition='Only approved tmpfs mounts at /tmp and /analysis/temp (max 64MB, nosuid, nodev, noexec)', severity='error'), SecurityCheck(property_name='docker_socket_access', passed=True, observed_value='none', expected_condition='Docker socket must not be mounted', severity='error'), SecurityCheck(property_name='host_filesystem_mounts', passed=True, observed_value='none', expected_condition='Host filesystem must not be mounted', severity='error'), SecurityCheck(property_name='pid_mode', passed=True, observed_value='default', expected_condition="PidMode must not be 'host' and must have explicit isolation", severity='error'), SecurityCheck(property_name='ipc_mode', passed=True, observed_value='private', expected_condition="IpcMode must not be 'host' and must have explicit isolation", severity='error'), SecurityCheck(property_name='network_mode', passed=True, observed_value='bridge', expected_condition="NetworkMode must be 'bridge' for controlled external access", severity='error'), SecurityCheck(property_name='capabilities', passed=False, observed_value={'cap_add': [], 'cap_drop': [], 'has_all_drop': False, 'has_any_cap_add': False}, expected_condition="CapDrop must contain 'ALL', no CapAdd entries allowed", severity='error'), SecurityCheck(property_name='no_new_privileges', passed=False, observed_value=[], expected_condition='no-new-privileges must be enabled in SecurityOpt', severity='error'), SecurityCheck(property_name='memory_limit', passed=True, observed_value=67108864, expected_condition='Memory limit must be configured (> 0)', severity='error'), SecurityCheck(property_name='pid_limit', passed=True, observed_value=50, expected_condition='PID limit must be configured', severity='error'), SecurityCheck(property_name='cpu_limits', passed=False, observed_value={'cpu_quota': 0, 'cpu_period': 0, 'cpu_shares': 0, 'nano_cpus': 0, 'cpuset_cpus': ''}, expected_condition='At least one CPU restriction must be configured', severity='error'), SecurityCheck(property_name='user', passed=True, observed_value='nobody', expected_condition='Container must run as non-root user', severity='error'), SecurityCheck(property_name='tmpfs_restrictions', passed=True, observed_value='none', expected_condition="Tmpfs only allowed in: {'/analysis/temp', '/tmp'}", severity='error')], violations=[SecurityCheck(property_name='readonly_rootfs', passed=False, observed_value=False, expected_condition='ReadonlyRootfs must be true for hardened configuration', severity='error'), SecurityCheck(property_name='capabilities', passed=False, observed_value={'cap_add': [], 'cap_drop': [], 'has_all_drop': False, 'has_any_cap_add': False}, expected_condition="CapDrop must contain 'ALL', no CapAdd entries allowed", severity='error'), SecurityCheck(property_name='no_new_privileges', passed=False, observed_value=[], expected_condition='no-new-privileges must be enabled in SecurityOpt', severity='error'), SecurityCheck(property_name='cpu_limits', passed=False, observed_value={'cpu_quota': 0, 'cpu_period': 0, 'cpu_shares': 0, 'nano_cpus': 0, 'cpuset_cpus': ''}, expected_condition='At least one CPU restriction must be configured', severity='error')], timestamp=datetime.datetime(2026, 8, 30, 22, 23, 17, 889584, tzinfo=datetime.timezone.utc)), filesystem_evidence={}, process_evidence={}, network_evidence={}, timestamp=datetime.datetime(2026, 8, 30, 22, 23, 17, 904085, tzinfo=datetime.timezone.utc), config_runtime_consistent=False, all_critical_evidence_collected=False, evidence_collection_errors=['in_container_probe_runner_exit_code_127: OCI runtime exec failed: exec failed: unable to start container process: chdir to cwd ("/analysis") set in config.json failed: no such file or directory\r\n', 'invalid_probe_output_format: OCI runtime exec failed: exec failed: unable to start container process: chdir to cwd ("/analysis") set in config.json failed: no such file or directory\r\n']).process_evidence
E        +      where EvidenceAggregate(container_validation=ValidationResult(valid=False, container_id='d946cbce2952', checks=[SecurityCheck(property_name='privileged', passed=True, observed_value=False, expected_condition='Privileged must be false', severity='error'), SecurityCheck(property_name='privileged', passed=True, observed_value=False, expected_condition='Privileged must be False', severity='error'), SecurityCheck(property_name='readonly_rootfs', passed=False, observed_value=False, expected_condition='ReadonlyRootfs must be true for hardened configuration', severity='error'), SecurityCheck(property_name='bind_mounts', passed=True, observed_value={'invalid_mounts': 'none', 'approved_tmpfs_mounts': 'none', 'total_mounts': 0}, expected_condition='Only approved tmpfs mounts at /tmp and /analysis/temp (max 64MB, nosuid, nodev, noexec)', severity='error'), SecurityCheck(property_name='docker_socket_access', passed=True, observed_value='none', expected_condition='Docker socket must not be mounted', severity='error'), SecurityCheck(property_name='host_filesystem_mounts', passed=True, observed_value='none', expected_condition='Host filesystem must not be mounted', severity='error'), SecurityCheck(property_name='pid_mode', passed=True, observed_value='default', expected_condition="PidMode must not be 'host' and must have explicit isolation", severity='error'), SecurityCheck(property_name='ipc_mode', passed=True, observed_value='private', expected_condition="IpcMode must not be 'host' and must have explicit isolation", severity='error'), SecurityCheck(property_name='network_mode', passed=True, observed_value='bridge', expected_condition="NetworkMode must be 'bridge' for controlled external access", severity='error'), SecurityCheck(property_name='capabilities', passed=False, observed_value={'cap_add': [], 'cap_drop': [], 'has_all_drop': False, 'has_any_cap_add': False}, expected_condition="CapDrop must contain 'ALL', no CapAdd entries allowed", severity='error'), SecurityCheck(property_name='no_new_privileges', passed=False, observed_value=[], expected_condition='no-new-privileges must be enabled in SecurityOpt', severity='error'), SecurityCheck(property_name='memory_limit', passed=True, observed_value=67108864, expected_condition='Memory limit must be configured (> 0)', severity='error'), SecurityCheck(property_name='pid_limit', passed=True, observed_value=50, expected_condition='PID limit must be configured', severity='error'), SecurityCheck(property_name='cpu_limits', passed=False, observed_value={'cpu_quota': 0, 'cpu_period': 0, 'cpu_shares': 0, 'nano_cpus': 0, 'cpuset_cpus': ''}, expected_condition='At least one CPU restriction must be configured', severity='error'), SecurityCheck(property_name='user', passed=True, observed_value='nobody', expected_condition='Container must run as non-root user', severity='error'), SecurityCheck(property_name='tmpfs_restrictions', passed=True, observed_value='none', expected_condition="Tmpfs only allowed in: {'/analysis/temp', '/tmp'}", severity='error')], violations=[SecurityCheck(property_name='readonly_rootfs', passed=False, observed_value=False, expected_condition='ReadonlyRootfs must be true for hardened configuration', severity='error'), SecurityCheck(property_name='capabilities', passed=False, observed_value={'cap_add': [], 'cap_drop': [], 'has_all_drop': False, 'has_any_cap_add': False}, expected_condition="CapDrop must contain 'ALL', no CapAdd entries allowed", severity='error'), SecurityCheck(property_name='no_new_privileges', passed=False, observed_value=[], expected_condition='no-new-privileges must be enabled in SecurityOpt', severity='error'), SecurityCheck(property_name='cpu_limits', passed=False, observed_value={'cpu_quota': 0, 'cpu_period': 0, 'cpu_shares': 0, 'nano_cpus': 0, 'cpuset_cpus': ''}, expected_condition='At least one CPU restriction must be configured', severity='error')], timestamp=datetime.datetime(2026, 8, 30, 22, 23, 17, 889584, tzinfo=datetime.timezone.utc)), filesystem_evidence={}, process_evidence={}, network_evidence={}, timestamp=datetime.datetime(2026, 8, 30, 22, 23, 17, 904085, tzinfo=datetime.timezone.utc), config_runtime_consistent=False, all_critical_evidence_collected=False, evidence_collection_errors=['in_container_probe_runner_exit_code_127: OCI runtime exec failed: exec failed: unable to start container process: chdir to cwd ("/analysis") set in config.json failed: no such file or directory\r\n', 'invalid_probe_output_format: OCI runtime exec failed: exec failed: unable to start container process: chdir to cwd ("/analysis") set in config.json failed: no such file or directory\r\n']) = IsolationAssessment(valid=False, assessment_type='FAIL', container_id='d946cbce2952', evidence=EvidenceAggregate(container_validation=ValidationResult(valid=False, container_id='d946cbce2952', checks=[SecurityCheck(property_name='privileged', passed=True, observed_value=False, expected_condition='Privileged must be false', severity='error'), SecurityCheck(property_name='privileged', passed=True, observed_value=False, expected_condition='Privileged must be False', severity='error'), SecurityCheck(property_name='readonly_rootfs', passed=False, observed_value=False, expected_condition='ReadonlyRootfs must be true for hardened configuration', severity='error'), SecurityCheck(property_name='bind_mounts', passed=True, observed_value={'invalid_mounts': 'none', 'approved_tmpfs_mounts': 'none', 'total_mounts': 0}, expected_condition='Only approved tmpfs mounts at /tmp and /analysis/temp (max 64MB, nosuid, nodev, noexec)', severity='error'), SecurityCheck(property_name='docker_socket_access', passed=True, observed_value='none', expected_condition='Docker socket must not be mounted', severity='error'), SecurityCheck(property_name='host_filesystem_mounts', passed=True, observed_value='none', expected_condition='Host filesystem must not be mounted', severity='error'), SecurityCheck(property_name='pid_mode', passed=True, observed_value='default', expected_condition="PidMode must not be 'host' and must have explicit isolation", severity='error'), SecurityCheck(property_name='ipc_mode', passed=True, observed_value='private', expected_condition="IpcMode must not be 'host' and must have explicit isolation", severity='error'), SecurityCheck(property_name='network_mode', passed=True, observed_value='bridge', expected_condition="NetworkMode must be 'bridge' for controlled external access", severity='error'), SecurityCheck(property_name='capabilities', passed=False, observed_value={'cap_add': [], 'cap_drop': [], 'has_all_drop': False, 'has_any_cap_add': False}, expected_condition="CapDrop must contain 'ALL', no CapAdd entries allowed", severity='error'), SecurityCheck(property_name='no_new_privileges', passed=False, observed_value=[], expected_condition='no-new-privileges must be enabled in SecurityOpt', severity='error'), SecurityCheck(property_name='memory_limit', passed=True, observed_value=67108864, expected_condition='Memory limit must be configured (> 0)', severity='error'), SecurityCheck(property_name='pid_limit', passed=True, observed_value=50, expected_condition='PID limit must be configured', severity='error'), SecurityCheck(property_name='cpu_limits', passed=False, observed_value={'cpu_quota': 0, 'cpu_period': 0, 'cpu_shares': 0, 'nano_cpus': 0, 'cpuset_cpus': ''}, expected_condition='At least one CPU restriction must be configured', severity='error'), SecurityCheck(property_name='user', passed=True, observed_value='nobody', expected_condition='Container must run as non-root user', severity='error'), SecurityCheck(property_name='tmpfs_restrictions', passed=True, observed_value='none', expected_condition="Tmpfs only allowed in: {'/analysis/temp', '/tmp'}", severity='error')], violations=[SecurityCheck(property_name='readonly_rootfs', passed=False, observed_value=False, expected_condition='ReadonlyRootfs must be true for hardened configuration', severity='error'), SecurityCheck(property_name='capabilities', passed=False, observed_value={'cap_add': [], 'cap_drop': [], 'has_all_drop': False, 'has_any_cap_add': False}, expected_condition="CapDrop must contain 'ALL', no CapAdd entries allowed", severity='error'), SecurityCheck(property_name='no_new_privileges', passed=False, observed_value=[], expected_condition='no-new-privileges must be enabled in SecurityOpt', severity='error'), SecurityCheck(property_name='cpu_limits', passed=False, observed_value={'cpu_quota': 0, 'cpu_period': 0, 'cpu_shares': 0, 'nano_cpus': 0, 'cpuset_cpus': ''}, expected_condition='At least one CPU restriction must be configured', severity='error')], timestamp=datetime.datetime(2026, 8, 30, 22, 23, 17, 889584, tzinfo=datetime.timezone.utc)), filesystem_evidence={}, process_evidence={}, network_evidence={}, timestamp=datetime.datetime(2026, 8, 30, 22, 23, 17, 904085, tzinfo=datetime.timezone.utc), config_runtime_consistent=False, all_critical_evidence_collected=False, evidence_collection_errors=['in_container_probe_runner_exit_code_127: OCI runtime exec failed: exec failed: unable to start container process: chdir to cwd ("/analysis") set in config.json failed: no such file or directory\r\n', 'invalid_probe_output_format: OCI runtime exec failed: exec failed: unable to start container process: chdir to cwd ("/analysis") set in config.json failed: no such file or directory\r\n']), security_critical_failures=['container_configuration_invalid', 'config_readonly_rootfs', 'config_capabilities', 'config_no_new_privileges', 'config_cpu_limits', 'critical_evidence_missing', 'missing_rootfs_readonly', 'missing_tmpfs_writability', 'missing_pid_namespace_evidence', 'missing_process_visibility', 'missing_network_namespace_evidence', 'missing_network_interface_evidence', 'evidence_collection_errors', 'collection_error: in_container_probe_runner_exit_code_127: OCI runtime exec failed: exec failed: unable to start container process: chdir to cwd ("/analysis") set in config.json failed: no such file or directory\r\n', 'collection_error: invalid_probe_output_format: OCI runtime exec failed: exec failed: unable to start container process: chdir to cwd ("/analysis") set in config.json failed: no such file or directory\r\n', 'config_runtime_inconsistent'], warnings=[], error_message='container_configuration_invalid ; config_readonly_rootfs ; config_capabilities ; config_no_new_privileges ; config_cpu_limits ; critical_evidence_missing ; missing_rootfs_readonly ; missing_tmpfs_writability ; missing_pid_namespace_evidence ; missing_process_visibility ; missing_network_namespace_evidence ; missing_network_interface_evidence ; evidence_collection_errors ; collection_error: in_container_probe_runner_exit_code_127: OCI runtime exec failed: exec failed: unable to start container process: chdir to cwd ("/analysis") set in config.json failed: no such file or directory\r\n ; collection_error: invalid_probe_output_format: OCI runtime exec failed: exec failed: unable to start container process: chdir to cwd ("/analysis") set in config.json failed: no such file or directory\r\n ; config_runtime_inconsistent', timestamp=datetime.datetime(2026, 8, 30, 22, 23, 18, 134387, tzinfo=datetime.timezone.utc)).evidence

tests\test_sandbox_integration.py:742: AssertionError
------------------------------ Captured log call ------------------------------
ERROR    src.container_validator:container_validator.py:256 Container d946cbce2952 validation failed: readonly_rootfs=False
ERROR    src.container_validator:container_validator.py:640 Container d946cbce2952 validation failed: capabilities check failed
ERROR    src.container_validator:container_validator.py:671 Container d946cbce2952 validation failed: no_new_privileges missing
ERROR    src.container_validator:container_validator.py:776 Container d946cbce2952 validation failed: cpu_limits missing
ERROR    src.container_validator:container_validator.py:188 Container d946cbce2952 failed security validation
ERROR    src.isolation_orchestrator:isolation_orchestrator.py:362 In-container probe runner failed with exit code 127: OCI runtime exec failed: exec failed: unable to start container process: chdir to cwd ("/analysis") set in config.json failed: no such file or directory


ERROR    src.isolation_orchestrator:isolation_orchestrator.py:412 In-container probe runner returned invalid output format: OCI runtime exec failed: exec failed: unable to start container process: chdir to cwd ("/analysis") set in config.json failed: no such file or directory


ERROR    src.isolation_orchestrator:isolation_orchestrator.py:198 Container d946cbce2952 isolation validation FAILED
_ TestTask14_3_DockerIsolationBreach.test_isolation_orchestrator_collects_network_evidence _

self = <tests.test_sandbox_integration.TestTask14_3_DockerIsolationBreach object at 0x00000171F3CFC6D0>
minimal_container = <Container: 3b727aeed53d>

    def test_isolation_orchestrator_collects_network_evidence(
        self, minimal_container
    ):
        """IsolationOrchestrator collects network evidence from real container."""
        from src.isolation_orchestrator import IsolationOrchestrator
        orchestrator = IsolationOrchestrator()
        assessment = orchestrator.validate_isolation(minimal_container)
    
>       assert len(assessment.evidence.network_evidence) > 0
E       assert 0 > 0
E        +  where 0 = len({})
E        +    where {} = EvidenceAggregate(container_validation=ValidationResult(valid=False, container_id='3b727aeed53d', checks=[SecurityCheck(property_name='privileged', passed=True, observed_value=False, expected_condition='Privileged must be false', severity='error'), SecurityCheck(property_name='privileged', passed=True, observed_value=False, expected_condition='Privileged must be False', severity='error'), SecurityCheck(property_name='readonly_rootfs', passed=False, observed_value=False, expected_condition='ReadonlyRootfs must be true for hardened configuration', severity='error'), SecurityCheck(property_name='bind_mounts', passed=True, observed_value={'invalid_mounts': 'none', 'approved_tmpfs_mounts': 'none', 'total_mounts': 0}, expected_condition='Only approved tmpfs mounts at /tmp and /analysis/temp (max 64MB, nosuid, nodev, noexec)', severity='error'), SecurityCheck(property_name='docker_socket_access', passed=True, observed_value='none', expected_condition='Docker socket must not be mounted', severity='error'), SecurityCheck(property_name='host_filesystem_mounts', passed=True, observed_value='none', expected_condition='Host filesystem must not be mounted', severity='error'), SecurityCheck(property_name='pid_mode', passed=True, observed_value='default', expected_condition="PidMode must not be 'host' and must have explicit isolation", severity='error'), SecurityCheck(property_name='ipc_mode', passed=True, observed_value='private', expected_condition="IpcMode must not be 'host' and must have explicit isolation", severity='error'), SecurityCheck(property_name='network_mode', passed=True, observed_value='bridge', expected_condition="NetworkMode must be 'bridge' for controlled external access", severity='error'), SecurityCheck(property_name='capabilities', passed=False, observed_value={'cap_add': [], 'cap_drop': [], 'has_all_drop': False, 'has_any_cap_add': False}, expected_condition="CapDrop must contain 'ALL', no CapAdd entries allowed", severity='error'), SecurityCheck(property_name='no_new_privileges', passed=False, observed_value=[], expected_condition='no-new-privileges must be enabled in SecurityOpt', severity='error'), SecurityCheck(property_name='memory_limit', passed=True, observed_value=67108864, expected_condition='Memory limit must be configured (> 0)', severity='error'), SecurityCheck(property_name='pid_limit', passed=True, observed_value=50, expected_condition='PID limit must be configured', severity='error'), SecurityCheck(property_name='cpu_limits', passed=False, observed_value={'cpu_quota': 0, 'cpu_period': 0, 'cpu_shares': 0, 'nano_cpus': 0, 'cpuset_cpus': ''}, expected_condition='At least one CPU restriction must be configured', severity='error'), SecurityCheck(property_name='user', passed=True, observed_value='nobody', expected_condition='Container must run as non-root user', severity='error'), SecurityCheck(property_name='tmpfs_restrictions', passed=True, observed_value='none', expected_condition="Tmpfs only allowed in: {'/analysis/temp', '/tmp'}", severity='error')], violations=[SecurityCheck(property_name='readonly_rootfs', passed=False, observed_value=False, expected_condition='ReadonlyRootfs must be true for hardened configuration', severity='error'), SecurityCheck(property_name='capabilities', passed=False, observed_value={'cap_add': [], 'cap_drop': [], 'has_all_drop': False, 'has_any_cap_add': False}, expected_condition="CapDrop must contain 'ALL', no CapAdd entries allowed", severity='error'), SecurityCheck(property_name='no_new_privileges', passed=False, observed_value=[], expected_condition='no-new-privileges must be enabled in SecurityOpt', severity='error'), SecurityCheck(property_name='cpu_limits', passed=False, observed_value={'cpu_quota': 0, 'cpu_period': 0, 'cpu_shares': 0, 'nano_cpus': 0, 'cpuset_cpus': ''}, expected_condition='At least one CPU restriction must be configured', severity='error')], timestamp=datetime.datetime(2026, 8, 30, 22, 23, 19, 756411, tzinfo=datetime.timezone.utc)), filesystem_evidence={}, process_evidence={}, network_evidence={}, timestamp=datetime.datetime(2026, 8, 30, 22, 23, 19, 770271, tzinfo=datetime.timezone.utc), config_runtime_consistent=False, all_critical_evidence_collected=False, evidence_collection_errors=['in_container_probe_runner_exit_code_127: OCI runtime exec failed: exec failed: unable to start container process: chdir to cwd ("/analysis") set in config.json failed: no such file or directory\r\n', 'invalid_probe_output_format: OCI runtime exec failed: exec failed: unable to start container process: chdir to cwd ("/analysis") set in config.json failed: no such file or directory\r\n']).network_evidence
E        +      where EvidenceAggregate(container_validation=ValidationResult(valid=False, container_id='3b727aeed53d', checks=[SecurityCheck(property_name='privileged', passed=True, observed_value=False, expected_condition='Privileged must be false', severity='error'), SecurityCheck(property_name='privileged', passed=True, observed_value=False, expected_condition='Privileged must be False', severity='error'), SecurityCheck(property_name='readonly_rootfs', passed=False, observed_value=False, expected_condition='ReadonlyRootfs must be true for hardened configuration', severity='error'), SecurityCheck(property_name='bind_mounts', passed=True, observed_value={'invalid_mounts': 'none', 'approved_tmpfs_mounts': 'none', 'total_mounts': 0}, expected_condition='Only approved tmpfs mounts at /tmp and /analysis/temp (max 64MB, nosuid, nodev, noexec)', severity='error'), SecurityCheck(property_name='docker_socket_access', passed=True, observed_value='none', expected_condition='Docker socket must not be mounted', severity='error'), SecurityCheck(property_name='host_filesystem_mounts', passed=True, observed_value='none', expected_condition='Host filesystem must not be mounted', severity='error'), SecurityCheck(property_name='pid_mode', passed=True, observed_value='default', expected_condition="PidMode must not be 'host' and must have explicit isolation", severity='error'), SecurityCheck(property_name='ipc_mode', passed=True, observed_value='private', expected_condition="IpcMode must not be 'host' and must have explicit isolation", severity='error'), SecurityCheck(property_name='network_mode', passed=True, observed_value='bridge', expected_condition="NetworkMode must be 'bridge' for controlled external access", severity='error'), SecurityCheck(property_name='capabilities', passed=False, observed_value={'cap_add': [], 'cap_drop': [], 'has_all_drop': False, 'has_any_cap_add': False}, expected_condition="CapDrop must contain 'ALL', no CapAdd entries allowed", severity='error'), SecurityCheck(property_name='no_new_privileges', passed=False, observed_value=[], expected_condition='no-new-privileges must be enabled in SecurityOpt', severity='error'), SecurityCheck(property_name='memory_limit', passed=True, observed_value=67108864, expected_condition='Memory limit must be configured (> 0)', severity='error'), SecurityCheck(property_name='pid_limit', passed=True, observed_value=50, expected_condition='PID limit must be configured', severity='error'), SecurityCheck(property_name='cpu_limits', passed=False, observed_value={'cpu_quota': 0, 'cpu_period': 0, 'cpu_shares': 0, 'nano_cpus': 0, 'cpuset_cpus': ''}, expected_condition='At least one CPU restriction must be configured', severity='error'), SecurityCheck(property_name='user', passed=True, observed_value='nobody', expected_condition='Container must run as non-root user', severity='error'), SecurityCheck(property_name='tmpfs_restrictions', passed=True, observed_value='none', expected_condition="Tmpfs only allowed in: {'/analysis/temp', '/tmp'}", severity='error')], violations=[SecurityCheck(property_name='readonly_rootfs', passed=False, observed_value=False, expected_condition='ReadonlyRootfs must be true for hardened configuration', severity='error'), SecurityCheck(property_name='capabilities', passed=False, observed_value={'cap_add': [], 'cap_drop': [], 'has_all_drop': False, 'has_any_cap_add': False}, expected_condition="CapDrop must contain 'ALL', no CapAdd entries allowed", severity='error'), SecurityCheck(property_name='no_new_privileges', passed=False, observed_value=[], expected_condition='no-new-privileges must be enabled in SecurityOpt', severity='error'), SecurityCheck(property_name='cpu_limits', passed=False, observed_value={'cpu_quota': 0, 'cpu_period': 0, 'cpu_shares': 0, 'nano_cpus': 0, 'cpuset_cpus': ''}, expected_condition='At least one CPU restriction must be configured', severity='error')], timestamp=datetime.datetime(2026, 8, 30, 22, 23, 19, 756411, tzinfo=datetime.timezone.utc)), filesystem_evidence={}, process_evidence={}, network_evidence={}, timestamp=datetime.datetime(2026, 8, 30, 22, 23, 19, 770271, tzinfo=datetime.timezone.utc), config_runtime_consistent=False, all_critical_evidence_collected=False, evidence_collection_errors=['in_container_probe_runner_exit_code_127: OCI runtime exec failed: exec failed: unable to start container process: chdir to cwd ("/analysis") set in config.json failed: no such file or directory\r\n', 'invalid_probe_output_format: OCI runtime exec failed: exec failed: unable to start container process: chdir to cwd ("/analysis") set in config.json failed: no such file or directory\r\n']) = IsolationAssessment(valid=False, assessment_type='FAIL', container_id='3b727aeed53d', evidence=EvidenceAggregate(container_validation=ValidationResult(valid=False, container_id='3b727aeed53d', checks=[SecurityCheck(property_name='privileged', passed=True, observed_value=False, expected_condition='Privileged must be false', severity='error'), SecurityCheck(property_name='privileged', passed=True, observed_value=False, expected_condition='Privileged must be False', severity='error'), SecurityCheck(property_name='readonly_rootfs', passed=False, observed_value=False, expected_condition='ReadonlyRootfs must be true for hardened configuration', severity='error'), SecurityCheck(property_name='bind_mounts', passed=True, observed_value={'invalid_mounts': 'none', 'approved_tmpfs_mounts': 'none', 'total_mounts': 0}, expected_condition='Only approved tmpfs mounts at /tmp and /analysis/temp (max 64MB, nosuid, nodev, noexec)', severity='error'), SecurityCheck(property_name='docker_socket_access', passed=True, observed_value='none', expected_condition='Docker socket must not be mounted', severity='error'), SecurityCheck(property_name='host_filesystem_mounts', passed=True, observed_value='none', expected_condition='Host filesystem must not be mounted', severity='error'), SecurityCheck(property_name='pid_mode', passed=True, observed_value='default', expected_condition="PidMode must not be 'host' and must have explicit isolation", severity='error'), SecurityCheck(property_name='ipc_mode', passed=True, observed_value='private', expected_condition="IpcMode must not be 'host' and must have explicit isolation", severity='error'), SecurityCheck(property_name='network_mode', passed=True, observed_value='bridge', expected_condition="NetworkMode must be 'bridge' for controlled external access", severity='error'), SecurityCheck(property_name='capabilities', passed=False, observed_value={'cap_add': [], 'cap_drop': [], 'has_all_drop': False, 'has_any_cap_add': False}, expected_condition="CapDrop must contain 'ALL', no CapAdd entries allowed", severity='error'), SecurityCheck(property_name='no_new_privileges', passed=False, observed_value=[], expected_condition='no-new-privileges must be enabled in SecurityOpt', severity='error'), SecurityCheck(property_name='memory_limit', passed=True, observed_value=67108864, expected_condition='Memory limit must be configured (> 0)', severity='error'), SecurityCheck(property_name='pid_limit', passed=True, observed_value=50, expected_condition='PID limit must be configured', severity='error'), SecurityCheck(property_name='cpu_limits', passed=False, observed_value={'cpu_quota': 0, 'cpu_period': 0, 'cpu_shares': 0, 'nano_cpus': 0, 'cpuset_cpus': ''}, expected_condition='At least one CPU restriction must be configured', severity='error'), SecurityCheck(property_name='user', passed=True, observed_value='nobody', expected_condition='Container must run as non-root user', severity='error'), SecurityCheck(property_name='tmpfs_restrictions', passed=True, observed_value='none', expected_condition="Tmpfs only allowed in: {'/analysis/temp', '/tmp'}", severity='error')], violations=[SecurityCheck(property_name='readonly_rootfs', passed=False, observed_value=False, expected_condition='ReadonlyRootfs must be true for hardened configuration', severity='error'), SecurityCheck(property_name='capabilities', passed=False, observed_value={'cap_add': [], 'cap_drop': [], 'has_all_drop': False, 'has_any_cap_add': False}, expected_condition="CapDrop must contain 'ALL', no CapAdd entries allowed", severity='error'), SecurityCheck(property_name='no_new_privileges', passed=False, observed_value=[], expected_condition='no-new-privileges must be enabled in SecurityOpt', severity='error'), SecurityCheck(property_name='cpu_limits', passed=False, observed_value={'cpu_quota': 0, 'cpu_period': 0, 'cpu_shares': 0, 'nano_cpus': 0, 'cpuset_cpus': ''}, expected_condition='At least one CPU restriction must be configured', severity='error')], timestamp=datetime.datetime(2026, 8, 30, 22, 23, 19, 756411, tzinfo=datetime.timezone.utc)), filesystem_evidence={}, process_evidence={}, network_evidence={}, timestamp=datetime.datetime(2026, 8, 30, 22, 23, 19, 770271, tzinfo=datetime.timezone.utc), config_runtime_consistent=False, all_critical_evidence_collected=False, evidence_collection_errors=['in_container_probe_runner_exit_code_127: OCI runtime exec failed: exec failed: unable to start container process: chdir to cwd ("/analysis") set in config.json failed: no such file or directory\r\n', 'invalid_probe_output_format: OCI runtime exec failed: exec failed: unable to start container process: chdir to cwd ("/analysis") set in config.json failed: no such file or directory\r\n']), security_critical_failures=['container_configuration_invalid', 'config_readonly_rootfs', 'config_capabilities', 'config_no_new_privileges', 'config_cpu_limits', 'critical_evidence_missing', 'missing_rootfs_readonly', 'missing_tmpfs_writability', 'missing_pid_namespace_evidence', 'missing_process_visibility', 'missing_network_namespace_evidence', 'missing_network_interface_evidence', 'evidence_collection_errors', 'collection_error: in_container_probe_runner_exit_code_127: OCI runtime exec failed: exec failed: unable to start container process: chdir to cwd ("/analysis") set in config.json failed: no such file or directory\r\n', 'collection_error: invalid_probe_output_format: OCI runtime exec failed: exec failed: unable to start container process: chdir to cwd ("/analysis") set in config.json failed: no such file or directory\r\n', 'config_runtime_inconsistent'], warnings=[], error_message='container_configuration_invalid ; config_readonly_rootfs ; config_capabilities ; config_no_new_privileges ; config_cpu_limits ; critical_evidence_missing ; missing_rootfs_readonly ; missing_tmpfs_writability ; missing_pid_namespace_evidence ; missing_process_visibility ; missing_network_namespace_evidence ; missing_network_interface_evidence ; evidence_collection_errors ; collection_error: in_container_probe_runner_exit_code_127: OCI runtime exec failed: exec failed: unable to start container process: chdir to cwd ("/analysis") set in config.json failed: no such file or directory\r\n ; collection_error: invalid_probe_output_format: OCI runtime exec failed: exec failed: unable to start container process: chdir to cwd ("/analysis") set in config.json failed: no such file or directory\r\n ; config_runtime_inconsistent', timestamp=datetime.datetime(2026, 8, 30, 22, 23, 19, 911626, tzinfo=datetime.timezone.utc)).evidence

tests\test_sandbox_integration.py:752: AssertionError
------------------------------ Captured log call ------------------------------
ERROR    src.container_validator:container_validator.py:256 Container 3b727aeed53d validation failed: readonly_rootfs=False
ERROR    src.container_validator:container_validator.py:640 Container 3b727aeed53d validation failed: capabilities check failed
ERROR    src.container_validator:container_validator.py:671 Container 3b727aeed53d validation failed: no_new_privileges missing
ERROR    src.container_validator:container_validator.py:776 Container 3b727aeed53d validation failed: cpu_limits missing
ERROR    src.container_validator:container_validator.py:188 Container 3b727aeed53d failed security validation
ERROR    src.isolation_orchestrator:isolation_orchestrator.py:362 In-container probe runner failed with exit code 127: OCI runtime exec failed: exec failed: unable to start container process: chdir to cwd ("/analysis") set in config.json failed: no such file or directory


ERROR    src.isolation_orchestrator:isolation_orchestrator.py:412 In-container probe runner returned invalid output format: OCI runtime exec failed: exec failed: unable to start container process: chdir to cwd ("/analysis") set in config.json failed: no such file or directory


ERROR    src.isolation_orchestrator:isolation_orchestrator.py:198 Container 3b727aeed53d isolation validation FAILED
=========================== short test summary info ===========================
FAILED tests/test_integration_end_to_end.py::TestTask14_2_CompleteAnalysisFlow::test_e2e_complete_analysis_suspicious_website - AssertionError: Expected fake score > 50%, got 50.0%
assert 50.0 > 50.0
FAILED tests/test_phishing_detection_layers.py::test_scenario_n_url_validation_rejections - assert not True
FAILED tests/test_sandbox_integration.py::TestTask14_3_DockerIsolationBreach::test_isolation_orchestrator_collects_filesystem_evidence - assert 0 > 0
 +  where 0 = len({})
 +    where {} = EvidenceAggregate(container_validation=ValidationResult(valid=False, container_id='6498c01fcd99', checks=[SecurityCheck(property_name='privileged', passed=True, observed_value=False, expected_condition='Privileged must be false', severity='error'), SecurityCheck(property_name='privileged', passed=True, observed_value=False, expected_condition='Privileged must be False', severity='error'), SecurityCheck(property_name='readonly_rootfs', passed=False, observed_value=False, expected_condition='ReadonlyRootfs must be true for hardened configuration', severity='error'), SecurityCheck(property_name='bind_mounts', passed=True, observed_value={'invalid_mounts': 'none', 'approved_tmpfs_mounts': 'none', 'total_mounts': 0}, expected_condition='Only approved tmpfs mounts at /tmp and /analysis/temp (max 64MB, nosuid, nodev, noexec)', severity='error'), SecurityCheck(property_name='docker_socket_access', passed=True, observed_value='none', expected_condition='Docker socket must not be mounted', severity='error'), SecurityCheck(property_name='host_filesystem_mounts', passed=True, observed_value='none', expected_condition='Host filesystem must not be mounted', severity='error'), SecurityCheck(property_name='pid_mode', passed=True, observed_value='default', expected_condition="PidMode must not be 'host' and must have explicit isolation", severity='error'), SecurityCheck(property_name='ipc_mode', passed=True, observed_value='private', expected_condition="IpcMode must not be 'host' and must have explicit isolation", severity='error'), SecurityCheck(property_name='network_mode', passed=True, observed_value='bridge', expected_condition="NetworkMode must be 'bridge' for controlled external access", severity='error'), SecurityCheck(property_name='capabilities', passed=False, observed_value={'cap_add': [], 'cap_drop': [], 'has_all_drop': False, 'has_any_cap_add': False}, expected_condition="CapDrop must contain 'ALL', no CapAdd entries allowed", severity='error'), SecurityCheck(property_name='no_new_privileges', passed=False, observed_value=[], expected_condition='no-new-privileges must be enabled in SecurityOpt', severity='error'), SecurityCheck(property_name='memory_limit', passed=True, observed_value=67108864, expected_condition='Memory limit must be configured (> 0)', severity='error'), SecurityCheck(property_name='pid_limit', passed=True, observed_value=50, expected_condition='PID limit must be configured', severity='error'), SecurityCheck(property_name='cpu_limits', passed=False, observed_value={'cpu_quota': 0, 'cpu_period': 0, 'cpu_shares': 0, 'nano_cpus': 0, 'cpuset_cpus': ''}, expected_condition='At least one CPU restriction must be configured', severity='error'), SecurityCheck(property_name='user', passed=True, observed_value='nobody', expected_condition='Container must run as non-root user', severity='error'), SecurityCheck(property_name='tmpfs_restrictions', passed=True, observed_value='none', expected_condition="Tmpfs only allowed in: {'/analysis/temp', '/tmp'}", severity='error')], violations=[SecurityCheck(property_name='readonly_rootfs', passed=False, observed_value=False, expected_condition='ReadonlyRootfs must be true for hardened configuration', severity='error'), SecurityCheck(property_name='capabilities', passed=False, observed_value={'cap_add': [], 'cap_drop': [], 'has_all_drop': False, 'has_any_cap_add': False}, expected_condition="CapDrop must contain 'ALL', no CapAdd entries allowed", severity='error'), SecurityCheck(property_name='no_new_privileges', passed=False, observed_value=[], expected_condition='no-new-privileges must be enabled in SecurityOpt', severity='error'), SecurityCheck(property_name='cpu_limits', passed=False, observed_value={'cpu_quota': 0, 'cpu_period': 0, 'cpu_shares': 0, 'nano_cpus': 0, 'cpuset_cpus': ''}, expected_condition='At least one CPU restriction must be configured', severity='error')], timestamp=datetime.datetime(2026, 8, 30, 22, 23, 15, 864469, tzinfo=datetime.timezone.utc)), filesystem_evidence={}, process_evidence={}, network_evidence={}, timestamp=datetime.datetime(2026, 8, 30, 22, 23, 15, 878405, tzinfo=datetime.timezone.utc), config_runtime_consistent=False, all_critical_evidence_collected=False, evidence_collection_errors=['in_container_probe_runner_exit_code_127: OCI runtime exec failed: exec failed: unable to start container process: chdir to cwd ("/analysis") set in config.json failed: no such file or directory\r\n', 'invalid_probe_output_format: OCI runtime exec failed: exec failed: unable to start container process: chdir to cwd ("/analysis") set in config.json failed: no such file or directory\r\n']).filesystem_evidence
 +      where EvidenceAggregate(container_validation=ValidationResult(valid=False, container_id='6498c01fcd99', checks=[SecurityCheck(property_name='privileged', passed=True, observed_value=False, expected_condition='Privileged must be false', severity='error'), SecurityCheck(property_name='privileged', passed=True, observed_value=False, expected_condition='Privileged must be False', severity='error'), SecurityCheck(property_name='readonly_rootfs', passed=False, observed_value=False, expected_condition='ReadonlyRootfs must be true for hardened configuration', severity='error'), SecurityCheck(property_name='bind_mounts', passed=True, observed_value={'invalid_mounts': 'none', 'approved_tmpfs_mounts': 'none', 'total_mounts': 0}, expected_condition='Only approved tmpfs mounts at /tmp and /analysis/temp (max 64MB, nosuid, nodev, noexec)', severity='error'), SecurityCheck(property_name='docker_socket_access', passed=True, observed_value='none', expected_condition='Docker socket must not be mounted', severity='error'), SecurityCheck(property_name='host_filesystem_mounts', passed=True, observed_value='none', expected_condition='Host filesystem must not be mounted', severity='error'), SecurityCheck(property_name='pid_mode', passed=True, observed_value='default', expected_condition="PidMode must not be 'host' and must have explicit isolation", severity='error'), SecurityCheck(property_name='ipc_mode', passed=True, observed_value='private', expected_condition="IpcMode must not be 'host' and must have explicit isolation", severity='error'), SecurityCheck(property_name='network_mode', passed=True, observed_value='bridge', expected_condition="NetworkMode must be 'bridge' for controlled external access", severity='error'), SecurityCheck(property_name='capabilities', passed=False, observed_value={'cap_add': [], 'cap_drop': [], 'has_all_drop': False, 'has_any_cap_add': False}, expected_condition="CapDrop must contain 'ALL', no CapAdd entries allowed", severity='error'), SecurityCheck(property_name='no_new_privileges', passed=False, observed_value=[], expected_condition='no-new-privileges must be enabled in SecurityOpt', severity='error'), SecurityCheck(property_name='memory_limit', passed=True, observed_value=67108864, expected_condition='Memory limit must be configured (> 0)', severity='error'), SecurityCheck(property_name='pid_limit', passed=True, observed_value=50, expected_condition='PID limit must be configured', severity='error'), SecurityCheck(property_name='cpu_limits', passed=False, observed_value={'cpu_quota': 0, 'cpu_period': 0, 'cpu_shares': 0, 'nano_cpus': 0, 'cpuset_cpus': ''}, expected_condition='At least one CPU restriction must be configured', severity='error'), SecurityCheck(property_name='user', passed=True, observed_value='nobody', expected_condition='Container must run as non-root user', severity='error'), SecurityCheck(property_name='tmpfs_restrictions', passed=True, observed_value='none', expected_condition="Tmpfs only allowed in: {'/analysis/temp', '/tmp'}", severity='error')], violations=[SecurityCheck(property_name='readonly_rootfs', passed=False, observed_value=False, expected_condition='ReadonlyRootfs must be true for hardened configuration', severity='error'), SecurityCheck(property_name='capabilities', passed=False, observed_value={'cap_add': [], 'cap_drop': [], 'has_all_drop': False, 'has_any_cap_add': False}, expected_condition="CapDrop must contain 'ALL', no CapAdd entries allowed", severity='error'), SecurityCheck(property_name='no_new_privileges', passed=False, observed_value=[], expected_condition='no-new-privileges must be enabled in SecurityOpt', severity='error'), SecurityCheck(property_name='cpu_limits', passed=False, observed_value={'cpu_quota': 0, 'cpu_period': 0, 'cpu_shares': 0, 'nano_cpus': 0, 'cpuset_cpus': ''}, expected_condition='At least one CPU restriction must be configured', severity='error')], timestamp=datetime.datetime(2026, 8, 30, 22, 23, 15, 864469, tzinfo=datetime.timezone.utc)), filesystem_evidence={}, process_evidence={}, network_evidence={}, timestamp=datetime.datetime(2026, 8, 30, 22, 23, 15, 878405, tzinfo=datetime.timezone.utc), config_runtime_consistent=False, all_critical_evidence_collected=False, evidence_collection_errors=['in_container_probe_runner_exit_code_127: OCI runtime exec failed: exec failed: unable to start container process: chdir to cwd ("/analysis") set in config.json failed: no such file or directory\r\n', 'invalid_probe_output_format: OCI runtime exec failed: exec failed: unable to start container process: chdir to cwd ("/analysis") set in config.json failed: no such file or directory\r\n']) = IsolationAssessment(valid=False, assessment_type='FAIL', container_id='6498c01fcd99', evidence=EvidenceAggregate(container_validation=ValidationResult(valid=False, container_id='6498c01fcd99', checks=[SecurityCheck(property_name='privileged', passed=True, observed_value=False, expected_condition='Privileged must be false', severity='error'), SecurityCheck(property_name='privileged', passed=True, observed_value=False, expected_condition='Privileged must be False', severity='error'), SecurityCheck(property_name='readonly_rootfs', passed=False, observed_value=False, expected_condition='ReadonlyRootfs must be true for hardened configuration', severity='error'), SecurityCheck(property_name='bind_mounts', passed=True, observed_value={'invalid_mounts': 'none', 'approved_tmpfs_mounts': 'none', 'total_mounts': 0}, expected_condition='Only approved tmpfs mounts at /tmp and /analysis/temp (max 64MB, nosuid, nodev, noexec)', severity='error'), SecurityCheck(property_name='docker_socket_access', passed=True, observed_value='none', expected_condition='Docker socket must not be mounted', severity='error'), SecurityCheck(property_name='host_filesystem_mounts', passed=True, observed_value='none', expected_condition='Host filesystem must not be mounted', severity='error'), SecurityCheck(property_name='pid_mode', passed=True, observed_value='default', expected_condition="PidMode must not be 'host' and must have explicit isolation", severity='error'), SecurityCheck(property_name='ipc_mode', passed=True, observed_value='private', expected_condition="IpcMode must not be 'host' and must have explicit isolation", severity='error'), SecurityCheck(property_name='network_mode', passed=True, observed_value='bridge', expected_condition="NetworkMode must be 'bridge' for controlled external access", severity='error'), SecurityCheck(property_name='capabilities', passed=False, observed_value={'cap_add': [], 'cap_drop': [], 'has_all_drop': False, 'has_any_cap_add': False}, expected_condition="CapDrop must contain 'ALL', no CapAdd entries allowed", severity='error'), SecurityCheck(property_name='no_new_privileges', passed=False, observed_value=[], expected_condition='no-new-privileges must be enabled in SecurityOpt', severity='error'), SecurityCheck(property_name='memory_limit', passed=True, observed_value=67108864, expected_condition='Memory limit must be configured (> 0)', severity='error'), SecurityCheck(property_name='pid_limit', passed=True, observed_value=50, expected_condition='PID limit must be configured', severity='error'), SecurityCheck(property_name='cpu_limits', passed=False, observed_value={'cpu_quota': 0, 'cpu_period': 0, 'cpu_shares': 0, 'nano_cpus': 0, 'cpuset_cpus': ''}, expected_condition='At least one CPU restriction must be configured', severity='error'), SecurityCheck(property_name='user', passed=True, observed_value='nobody', expected_condition='Container must run as non-root user', severity='error'), SecurityCheck(property_name='tmpfs_restrictions', passed=True, observed_value='none', expected_condition="Tmpfs only allowed in: {'/analysis/temp', '/tmp'}", severity='error')], violations=[SecurityCheck(property_name='readonly_rootfs', passed=False, observed_value=False, expected_condition='ReadonlyRootfs must be true for hardened configuration', severity='error'), SecurityCheck(property_name='capabilities', passed=False, observed_value={'cap_add': [], 'cap_drop': [], 'has_all_drop': False, 'has_any_cap_add': False}, expected_condition="CapDrop must contain 'ALL', no CapAdd entries allowed", severity='error'), SecurityCheck(property_name='no_new_privileges', passed=False, observed_value=[], expected_condition='no-new-privileges must be enabled in SecurityOpt', severity='error'), SecurityCheck(property_name='cpu_limits', passed=False, observed_value={'cpu_quota': 0, 'cpu_period': 0, 'cpu_shares': 0, 'nano_cpus': 0, 'cpuset_cpus': ''}, expected_condition='At least one CPU restriction must be configured', severity='error')], timestamp=datetime.datetime(2026, 8, 30, 22, 23, 15, 864469, tzinfo=datetime.timezone.utc)), filesystem_evidence={}, process_evidence={}, network_evidence={}, timestamp=datetime.datetime(2026, 8, 30, 22, 23, 15, 878405, tzinfo=datetime.timezone.utc), config_runtime_consistent=False, all_critical_evidence_collected=False, evidence_collection_errors=['in_container_probe_runner_exit_code_127: OCI runtime exec failed: exec failed: unable to start container process: chdir to cwd ("/analysis") set in config.json failed: no such file or directory\r\n', 'invalid_probe_output_format: OCI runtime exec failed: exec failed: unable to start container process: chdir to cwd ("/analysis") set in config.json failed: no such file or directory\r\n']), security_critical_failures=['container_configuration_invalid', 'config_readonly_rootfs', 'config_capabilities', 'config_no_new_privileges', 'config_cpu_limits', 'critical_evidence_missing', 'missing_rootfs_readonly', 'missing_tmpfs_writability', 'missing_pid_namespace_evidence', 'missing_process_visibility', 'missing_network_namespace_evidence', 'missing_network_interface_evidence', 'evidence_collection_errors', 'collection_error: in_container_probe_runner_exit_code_127: OCI runtime exec failed: exec failed: unable to start container process: chdir to cwd ("/analysis") set in config.json failed: no such file or directory\r\n', 'collection_error: invalid_probe_output_format: OCI runtime exec failed: exec failed: unable to start container process: chdir to cwd ("/analysis") set in config.json failed: no such file or directory\r\n', 'config_runtime_inconsistent'], warnings=[], error_message='container_configuration_invalid ; config_readonly_rootfs ; config_capabilities ; config_no_new_privileges ; config_cpu_limits ; critical_evidence_missing ; missing_rootfs_readonly ; missing_tmpfs_writability ; missing_pid_namespace_evidence ; missing_process_visibility ; missing_network_namespace_evidence ; missing_network_interface_evidence ; evidence_collection_errors ; collection_error: in_container_probe_runner_exit_code_127: OCI runtime exec failed: exec failed: unable to start container process: chdir to cwd ("/analysis") set in config.json failed: no such file or directory\r\n ; collection_error: invalid_probe_output_format: OCI runtime exec failed: exec failed: unable to start container process: chdir to cwd ("/analysis") set in config.json failed: no such file or directory\r\n ; config_runtime_inconsistent', timestamp=datetime.datetime(2026, 8, 30, 22, 23, 16, 73243, tzinfo=datetime.timezone.utc)).evidence
FAILED tests/test_sandbox_integration.py::TestTask14_3_DockerIsolationBreach::test_isolation_orchestrator_collects_process_evidence - assert 0 > 0
 +  where 0 = len({})
 +    where {} = EvidenceAggregate(container_validation=ValidationResult(valid=False, container_id='d946cbce2952', checks=[SecurityCheck(property_name='privileged', passed=True, observed_value=False, expected_condition='Privileged must be false', severity='error'), SecurityCheck(property_name='privileged', passed=True, observed_value=False, expected_condition='Privileged must be False', severity='error'), SecurityCheck(property_name='readonly_rootfs', passed=False, observed_value=False, expected_condition='ReadonlyRootfs must be true for hardened configuration', severity='error'), SecurityCheck(property_name='bind_mounts', passed=True, observed_value={'invalid_mounts': 'none', 'approved_tmpfs_mounts': 'none', 'total_mounts': 0}, expected_condition='Only approved tmpfs mounts at /tmp and /analysis/temp (max 64MB, nosuid, nodev, noexec)', severity='error'), SecurityCheck(property_name='docker_socket_access', passed=True, observed_value='none', expected_condition='Docker socket must not be mounted', severity='error'), SecurityCheck(property_name='host_filesystem_mounts', passed=True, observed_value='none', expected_condition='Host filesystem must not be mounted', severity='error'), SecurityCheck(property_name='pid_mode', passed=True, observed_value='default', expected_condition="PidMode must not be 'host' and must have explicit isolation", severity='error'), SecurityCheck(property_name='ipc_mode', passed=True, observed_value='private', expected_condition="IpcMode must not be 'host' and must have explicit isolation", severity='error'), SecurityCheck(property_name='network_mode', passed=True, observed_value='bridge', expected_condition="NetworkMode must be 'bridge' for controlled external access", severity='error'), SecurityCheck(property_name='capabilities', passed=False, observed_value={'cap_add': [], 'cap_drop': [], 'has_all_drop': False, 'has_any_cap_add': False}, expected_condition="CapDrop must contain 'ALL', no CapAdd entries allowed", severity='error'), SecurityCheck(property_name='no_new_privileges', passed=False, observed_value=[], expected_condition='no-new-privileges must be enabled in SecurityOpt', severity='error'), SecurityCheck(property_name='memory_limit', passed=True, observed_value=67108864, expected_condition='Memory limit must be configured (> 0)', severity='error'), SecurityCheck(property_name='pid_limit', passed=True, observed_value=50, expected_condition='PID limit must be configured', severity='error'), SecurityCheck(property_name='cpu_limits', passed=False, observed_value={'cpu_quota': 0, 'cpu_period': 0, 'cpu_shares': 0, 'nano_cpus': 0, 'cpuset_cpus': ''}, expected_condition='At least one CPU restriction must be configured', severity='error'), SecurityCheck(property_name='user', passed=True, observed_value='nobody', expected_condition='Container must run as non-root user', severity='error'), SecurityCheck(property_name='tmpfs_restrictions', passed=True, observed_value='none', expected_condition="Tmpfs only allowed in: {'/analysis/temp', '/tmp'}", severity='error')], violations=[SecurityCheck(property_name='readonly_rootfs', passed=False, observed_value=False, expected_condition='ReadonlyRootfs must be true for hardened configuration', severity='error'), SecurityCheck(property_name='capabilities', passed=False, observed_value={'cap_add': [], 'cap_drop': [], 'has_all_drop': False, 'has_any_cap_add': False}, expected_condition="CapDrop must contain 'ALL', no CapAdd entries allowed", severity='error'), SecurityCheck(property_name='no_new_privileges', passed=False, observed_value=[], expected_condition='no-new-privileges must be enabled in SecurityOpt', severity='error'), SecurityCheck(property_name='cpu_limits', passed=False, observed_value={'cpu_quota': 0, 'cpu_period': 0, 'cpu_shares': 0, 'nano_cpus': 0, 'cpuset_cpus': ''}, expected_condition='At least one CPU restriction must be configured', severity='error')], timestamp=datetime.datetime(2026, 8, 30, 22, 23, 17, 889584, tzinfo=datetime.timezone.utc)), filesystem_evidence={}, process_evidence={}, network_evidence={}, timestamp=datetime.datetime(2026, 8, 30, 22, 23, 17, 904085, tzinfo=datetime.timezone.utc), config_runtime_consistent=False, all_critical_evidence_collected=False, evidence_collection_errors=['in_container_probe_runner_exit_code_127: OCI runtime exec failed: exec failed: unable to start container process: chdir to cwd ("/analysis") set in config.json failed: no such file or directory\r\n', 'invalid_probe_output_format: OCI runtime exec failed: exec failed: unable to start container process: chdir to cwd ("/analysis") set in config.json failed: no such file or directory\r\n']).process_evidence
 +      where EvidenceAggregate(container_validation=ValidationResult(valid=False, container_id='d946cbce2952', checks=[SecurityCheck(property_name='privileged', passed=True, observed_value=False, expected_condition='Privileged must be false', severity='error'), SecurityCheck(property_name='privileged', passed=True, observed_value=False, expected_condition='Privileged must be False', severity='error'), SecurityCheck(property_name='readonly_rootfs', passed=False, observed_value=False, expected_condition='ReadonlyRootfs must be true for hardened configuration', severity='error'), SecurityCheck(property_name='bind_mounts', passed=True, observed_value={'invalid_mounts': 'none', 'approved_tmpfs_mounts': 'none', 'total_mounts': 0}, expected_condition='Only approved tmpfs mounts at /tmp and /analysis/temp (max 64MB, nosuid, nodev, noexec)', severity='error'), SecurityCheck(property_name='docker_socket_access', passed=True, observed_value='none', expected_condition='Docker socket must not be mounted', severity='error'), SecurityCheck(property_name='host_filesystem_mounts', passed=True, observed_value='none', expected_condition='Host filesystem must not be mounted', severity='error'), SecurityCheck(property_name='pid_mode', passed=True, observed_value='default', expected_condition="PidMode must not be 'host' and must have explicit isolation", severity='error'), SecurityCheck(property_name='ipc_mode', passed=True, observed_value='private', expected_condition="IpcMode must not be 'host' and must have explicit isolation", severity='error'), SecurityCheck(property_name='network_mode', passed=True, observed_value='bridge', expected_condition="NetworkMode must be 'bridge' for controlled external access", severity='error'), SecurityCheck(property_name='capabilities', passed=False, observed_value={'cap_add': [], 'cap_drop': [], 'has_all_drop': False, 'has_any_cap_add': False}, expected_condition="CapDrop must contain 'ALL', no CapAdd entries allowed", severity='error'), SecurityCheck(property_name='no_new_privileges', passed=False, observed_value=[], expected_condition='no-new-privileges must be enabled in SecurityOpt', severity='error'), SecurityCheck(property_name='memory_limit', passed=True, observed_value=67108864, expected_condition='Memory limit must be configured (> 0)', severity='error'), SecurityCheck(property_name='pid_limit', passed=True, observed_value=50, expected_condition='PID limit must be configured', severity='error'), SecurityCheck(property_name='cpu_limits', passed=False, observed_value={'cpu_quota': 0, 'cpu_period': 0, 'cpu_shares': 0, 'nano_cpus': 0, 'cpuset_cpus': ''}, expected_condition='At least one CPU restriction must be configured', severity='error'), SecurityCheck(property_name='user', passed=True, observed_value='nobody', expected_condition='Container must run as non-root user', severity='error'), SecurityCheck(property_name='tmpfs_restrictions', passed=True, observed_value='none', expected_condition="Tmpfs only allowed in: {'/analysis/temp', '/tmp'}", severity='error')], violations=[SecurityCheck(property_name='readonly_rootfs', passed=False, observed_value=False, expected_condition='ReadonlyRootfs must be true for hardened configuration', severity='error'), SecurityCheck(property_name='capabilities', passed=False, observed_value={'cap_add': [], 'cap_drop': [], 'has_all_drop': False, 'has_any_cap_add': False}, expected_condition="CapDrop must contain 'ALL', no CapAdd entries allowed", severity='error'), SecurityCheck(property_name='no_new_privileges', passed=False, observed_value=[], expected_condition='no-new-privileges must be enabled in SecurityOpt', severity='error'), SecurityCheck(property_name='cpu_limits', passed=False, observed_value={'cpu_quota': 0, 'cpu_period': 0, 'cpu_shares': 0, 'nano_cpus': 0, 'cpuset_cpus': ''}, expected_condition='At least one CPU restriction must be configured', severity='error')], timestamp=datetime.datetime(2026, 8, 30, 22, 23, 17, 889584, tzinfo=datetime.timezone.utc)), filesystem_evidence={}, process_evidence={}, network_evidence={}, timestamp=datetime.datetime(2026, 8, 30, 22, 23, 17, 904085, tzinfo=datetime.timezone.utc), config_runtime_consistent=False, all_critical_evidence_collected=False, evidence_collection_errors=['in_container_probe_runner_exit_code_127: OCI runtime exec failed: exec failed: unable to start container process: chdir to cwd ("/analysis") set in config.json failed: no such file or directory\r\n', 'invalid_probe_output_format: OCI runtime exec failed: exec failed: unable to start container process: chdir to cwd ("/analysis") set in config.json failed: no such file or directory\r\n']) = IsolationAssessment(valid=False, assessment_type='FAIL', container_id='d946cbce2952', evidence=EvidenceAggregate(container_validation=ValidationResult(valid=False, container_id='d946cbce2952', checks=[SecurityCheck(property_name='privileged', passed=True, observed_value=False, expected_condition='Privileged must be false', severity='error'), SecurityCheck(property_name='privileged', passed=True, observed_value=False, expected_condition='Privileged must be False', severity='error'), SecurityCheck(property_name='readonly_rootfs', passed=False, observed_value=False, expected_condition='ReadonlyRootfs must be true for hardened configuration', severity='error'), SecurityCheck(property_name='bind_mounts', passed=True, observed_value={'invalid_mounts': 'none', 'approved_tmpfs_mounts': 'none', 'total_mounts': 0}, expected_condition='Only approved tmpfs mounts at /tmp and /analysis/temp (max 64MB, nosuid, nodev, noexec)', severity='error'), SecurityCheck(property_name='docker_socket_access', passed=True, observed_value='none', expected_condition='Docker socket must not be mounted', severity='error'), SecurityCheck(property_name='host_filesystem_mounts', passed=True, observed_value='none', expected_condition='Host filesystem must not be mounted', severity='error'), SecurityCheck(property_name='pid_mode', passed=True, observed_value='default', expected_condition="PidMode must not be 'host' and must have explicit isolation", severity='error'), SecurityCheck(property_name='ipc_mode', passed=True, observed_value='private', expected_condition="IpcMode must not be 'host' and must have explicit isolation", severity='error'), SecurityCheck(property_name='network_mode', passed=True, observed_value='bridge', expected_condition="NetworkMode must be 'bridge' for controlled external access", severity='error'), SecurityCheck(property_name='capabilities', passed=False, observed_value={'cap_add': [], 'cap_drop': [], 'has_all_drop': False, 'has_any_cap_add': False}, expected_condition="CapDrop must contain 'ALL', no CapAdd entries allowed", severity='error'), SecurityCheck(property_name='no_new_privileges', passed=False, observed_value=[], expected_condition='no-new-privileges must be enabled in SecurityOpt', severity='error'), SecurityCheck(property_name='memory_limit', passed=True, observed_value=67108864, expected_condition='Memory limit must be configured (> 0)', severity='error'), SecurityCheck(property_name='pid_limit', passed=True, observed_value=50, expected_condition='PID limit must be configured', severity='error'), SecurityCheck(property_name='cpu_limits', passed=False, observed_value={'cpu_quota': 0, 'cpu_period': 0, 'cpu_shares': 0, 'nano_cpus': 0, 'cpuset_cpus': ''}, expected_condition='At least one CPU restriction must be configured', severity='error'), SecurityCheck(property_name='user', passed=True, observed_value='nobody', expected_condition='Container must run as non-root user', severity='error'), SecurityCheck(property_name='tmpfs_restrictions', passed=True, observed_value='none', expected_condition="Tmpfs only allowed in: {'/analysis/temp', '/tmp'}", severity='error')], violations=[SecurityCheck(property_name='readonly_rootfs', passed=False, observed_value=False, expected_condition='ReadonlyRootfs must be true for hardened configuration', severity='error'), SecurityCheck(property_name='capabilities', passed=False, observed_value={'cap_add': [], 'cap_drop': [], 'has_all_drop': False, 'has_any_cap_add': False}, expected_condition="CapDrop must contain 'ALL', no CapAdd entries allowed", severity='error'), SecurityCheck(property_name='no_new_privileges', passed=False, observed_value=[], expected_condition='no-new-privileges must be enabled in SecurityOpt', severity='error'), SecurityCheck(property_name='cpu_limits', passed=False, observed_value={'cpu_quota': 0, 'cpu_period': 0, 'cpu_shares': 0, 'nano_cpus': 0, 'cpuset_cpus': ''}, expected_condition='At least one CPU restriction must be configured', severity='error')], timestamp=datetime.datetime(2026, 8, 30, 22, 23, 17, 889584, tzinfo=datetime.timezone.utc)), filesystem_evidence={}, process_evidence={}, network_evidence={}, timestamp=datetime.datetime(2026, 8, 30, 22, 23, 17, 904085, tzinfo=datetime.timezone.utc), config_runtime_consistent=False, all_critical_evidence_collected=False, evidence_collection_errors=['in_container_probe_runner_exit_code_127: OCI runtime exec failed: exec failed: unable to start container process: chdir to cwd ("/analysis") set in config.json failed: no such file or directory\r\n', 'invalid_probe_output_format: OCI runtime exec failed: exec failed: unable to start container process: chdir to cwd ("/analysis") set in config.json failed: no such file or directory\r\n']), security_critical_failures=['container_configuration_invalid', 'config_readonly_rootfs', 'config_capabilities', 'config_no_new_privileges', 'config_cpu_limits', 'critical_evidence_missing', 'missing_rootfs_readonly', 'missing_tmpfs_writability', 'missing_pid_namespace_evidence', 'missing_process_visibility', 'missing_network_namespace_evidence', 'missing_network_interface_evidence', 'evidence_collection_errors', 'collection_error: in_container_probe_runner_exit_code_127: OCI runtime exec failed: exec failed: unable to start container process: chdir to cwd ("/analysis") set in config.json failed: no such file or directory\r\n', 'collection_error: invalid_probe_output_format: OCI runtime exec failed: exec failed: unable to start container process: chdir to cwd ("/analysis") set in config.json failed: no such file or directory\r\n', 'config_runtime_inconsistent'], warnings=[], error_message='container_configuration_invalid ; config_readonly_rootfs ; config_capabilities ; config_no_new_privileges ; config_cpu_limits ; critical_evidence_missing ; missing_rootfs_readonly ; missing_tmpfs_writability ; missing_pid_namespace_evidence ; missing_process_visibility ; missing_network_namespace_evidence ; missing_network_interface_evidence ; evidence_collection_errors ; collection_error: in_container_probe_runner_exit_code_127: OCI runtime exec failed: exec failed: unable to start container process: chdir to cwd ("/analysis") set in config.json failed: no such file or directory\r\n ; collection_error: invalid_probe_output_format: OCI runtime exec failed: exec failed: unable to start container process: chdir to cwd ("/analysis") set in config.json failed: no such file or directory\r\n ; config_runtime_inconsistent', timestamp=datetime.datetime(2026, 8, 30, 22, 23, 18, 134387, tzinfo=datetime.timezone.utc)).evidence
FAILED tests/test_sandbox_integration.py::TestTask14_3_DockerIsolationBreach::test_isolation_orchestrator_collects_network_evidence - assert 0 > 0
 +  where 0 = len({})
 +    where {} = EvidenceAggregate(container_validation=ValidationResult(valid=False, container_id='3b727aeed53d', checks=[SecurityCheck(property_name='privileged', passed=True, observed_value=False, expected_condition='Privileged must be false', severity='error'), SecurityCheck(property_name='privileged', passed=True, observed_value=False, expected_condition='Privileged must be False', severity='error'), SecurityCheck(property_name='readonly_rootfs', passed=False, observed_value=False, expected_condition='ReadonlyRootfs must be true for hardened configuration', severity='error'), SecurityCheck(property_name='bind_mounts', passed=True, observed_value={'invalid_mounts': 'none', 'approved_tmpfs_mounts': 'none', 'total_mounts': 0}, expected_condition='Only approved tmpfs mounts at /tmp and /analysis/temp (max 64MB, nosuid, nodev, noexec)', severity='error'), SecurityCheck(property_name='docker_socket_access', passed=True, observed_value='none', expected_condition='Docker socket must not be mounted', severity='error'), SecurityCheck(property_name='host_filesystem_mounts', passed=True, observed_value='none', expected_condition='Host filesystem must not be mounted', severity='error'), SecurityCheck(property_name='pid_mode', passed=True, observed_value='default', expected_condition="PidMode must not be 'host' and must have explicit isolation", severity='error'), SecurityCheck(property_name='ipc_mode', passed=True, observed_value='private', expected_condition="IpcMode must not be 'host' and must have explicit isolation", severity='error'), SecurityCheck(property_name='network_mode', passed=True, observed_value='bridge', expected_condition="NetworkMode must be 'bridge' for controlled external access", severity='error'), SecurityCheck(property_name='capabilities', passed=False, observed_value={'cap_add': [], 'cap_drop': [], 'has_all_drop': False, 'has_any_cap_add': False}, expected_condition="CapDrop must contain 'ALL', no CapAdd entries allowed", severity='error'), SecurityCheck(property_name='no_new_privileges', passed=False, observed_value=[], expected_condition='no-new-privileges must be enabled in SecurityOpt', severity='error'), SecurityCheck(property_name='memory_limit', passed=True, observed_value=67108864, expected_condition='Memory limit must be configured (> 0)', severity='error'), SecurityCheck(property_name='pid_limit', passed=True, observed_value=50, expected_condition='PID limit must be configured', severity='error'), SecurityCheck(property_name='cpu_limits', passed=False, observed_value={'cpu_quota': 0, 'cpu_period': 0, 'cpu_shares': 0, 'nano_cpus': 0, 'cpuset_cpus': ''}, expected_condition='At least one CPU restriction must be configured', severity='error'), SecurityCheck(property_name='user', passed=True, observed_value='nobody', expected_condition='Container must run as non-root user', severity='error'), SecurityCheck(property_name='tmpfs_restrictions', passed=True, observed_value='none', expected_condition="Tmpfs only allowed in: {'/analysis/temp', '/tmp'}", severity='error')], violations=[SecurityCheck(property_name='readonly_rootfs', passed=False, observed_value=False, expected_condition='ReadonlyRootfs must be true for hardened configuration', severity='error'), SecurityCheck(property_name='capabilities', passed=False, observed_value={'cap_add': [], 'cap_drop': [], 'has_all_drop': False, 'has_any_cap_add': False}, expected_condition="CapDrop must contain 'ALL', no CapAdd entries allowed", severity='error'), SecurityCheck(property_name='no_new_privileges', passed=False, observed_value=[], expected_condition='no-new-privileges must be enabled in SecurityOpt', severity='error'), SecurityCheck(property_name='cpu_limits', passed=False, observed_value={'cpu_quota': 0, 'cpu_period': 0, 'cpu_shares': 0, 'nano_cpus': 0, 'cpuset_cpus': ''}, expected_condition='At least one CPU restriction must be configured', severity='error')], timestamp=datetime.datetime(2026, 8, 30, 22, 23, 19, 756411, tzinfo=datetime.timezone.utc)), filesystem_evidence={}, process_evidence={}, network_evidence={}, timestamp=datetime.datetime(2026, 8, 30, 22, 23, 19, 770271, tzinfo=datetime.timezone.utc), config_runtime_consistent=False, all_critical_evidence_collected=False, evidence_collection_errors=['in_container_probe_runner_exit_code_127: OCI runtime exec failed: exec failed: unable to start container process: chdir to cwd ("/analysis") set in config.json failed: no such file or directory\r\n', 'invalid_probe_output_format: OCI runtime exec failed: exec failed: unable to start container process: chdir to cwd ("/analysis") set in config.json failed: no such file or directory\r\n']).network_evidence
 +      where EvidenceAggregate(container_validation=ValidationResult(valid=False, container_id='3b727aeed53d', checks=[SecurityCheck(property_name='privileged', passed=True, observed_value=False, expected_condition='Privileged must be false', severity='error'), SecurityCheck(property_name='privileged', passed=True, observed_value=False, expected_condition='Privileged must be False', severity='error'), SecurityCheck(property_name='readonly_rootfs', passed=False, observed_value=False, expected_condition='ReadonlyRootfs must be true for hardened configuration', severity='error'), SecurityCheck(property_name='bind_mounts', passed=True, observed_value={'invalid_mounts': 'none', 'approved_tmpfs_mounts': 'none', 'total_mounts': 0}, expected_condition='Only approved tmpfs mounts at /tmp and /analysis/temp (max 64MB, nosuid, nodev, noexec)', severity='error'), SecurityCheck(property_name='docker_socket_access', passed=True, observed_value='none', expected_condition='Docker socket must not be mounted', severity='error'), SecurityCheck(property_name='host_filesystem_mounts', passed=True, observed_value='none', expected_condition='Host filesystem must not be mounted', severity='error'), SecurityCheck(property_name='pid_mode', passed=True, observed_value='default', expected_condition="PidMode must not be 'host' and must have explicit isolation", severity='error'), SecurityCheck(property_name='ipc_mode', passed=True, observed_value='private', expected_condition="IpcMode must not be 'host' and must have explicit isolation", severity='error'), SecurityCheck(property_name='network_mode', passed=True, observed_value='bridge', expected_condition="NetworkMode must be 'bridge' for controlled external access", severity='error'), SecurityCheck(property_name='capabilities', passed=False, observed_value={'cap_add': [], 'cap_drop': [], 'has_all_drop': False, 'has_any_cap_add': False}, expected_condition="CapDrop must contain 'ALL', no CapAdd entries allowed", severity='error'), SecurityCheck(property_name='no_new_privileges', passed=False, observed_value=[], expected_condition='no-new-privileges must be enabled in SecurityOpt', severity='error'), SecurityCheck(property_name='memory_limit', passed=True, observed_value=67108864, expected_condition='Memory limit must be configured (> 0)', severity='error'), SecurityCheck(property_name='pid_limit', passed=True, observed_value=50, expected_condition='PID limit must be configured', severity='error'), SecurityCheck(property_name='cpu_limits', passed=False, observed_value={'cpu_quota': 0, 'cpu_period': 0, 'cpu_shares': 0, 'nano_cpus': 0, 'cpuset_cpus': ''}, expected_condition='At least one CPU restriction must be configured', severity='error'), SecurityCheck(property_name='user', passed=True, observed_value='nobody', expected_condition='Container must run as non-root user', severity='error'), SecurityCheck(property_name='tmpfs_restrictions', passed=True, observed_value='none', expected_condition="Tmpfs only allowed in: {'/analysis/temp', '/tmp'}", severity='error')], violations=[SecurityCheck(property_name='readonly_rootfs', passed=False, observed_value=False, expected_condition='ReadonlyRootfs must be true for hardened configuration', severity='error'), SecurityCheck(property_name='capabilities', passed=False, observed_value={'cap_add': [], 'cap_drop': [], 'has_all_drop': False, 'has_any_cap_add': False}, expected_condition="CapDrop must contain 'ALL', no CapAdd entries allowed", severity='error'), SecurityCheck(property_name='no_new_privileges', passed=False, observed_value=[], expected_condition='no-new-privileges must be enabled in SecurityOpt', severity='error'), SecurityCheck(property_name='cpu_limits', passed=False, observed_value={'cpu_quota': 0, 'cpu_period': 0, 'cpu_shares': 0, 'nano_cpus': 0, 'cpuset_cpus': ''}, expected_condition='At least one CPU restriction must be configured', severity='error')], timestamp=datetime.datetime(2026, 8, 30, 22, 23, 19, 756411, tzinfo=datetime.timezone.utc)), filesystem_evidence={}, process_evidence={}, network_evidence={}, timestamp=datetime.datetime(2026, 8, 30, 22, 23, 19, 770271, tzinfo=datetime.timezone.utc), config_runtime_consistent=False, all_critical_evidence_collected=False, evidence_collection_errors=['in_container_probe_runner_exit_code_127: OCI runtime exec failed: exec failed: unable to start container process: chdir to cwd ("/analysis") set in config.json failed: no such file or directory\r\n', 'invalid_probe_output_format: OCI runtime exec failed: exec failed: unable to start container process: chdir to cwd ("/analysis") set in config.json failed: no such file or directory\r\n']) = IsolationAssessment(valid=False, assessment_type='FAIL', container_id='3b727aeed53d', evidence=EvidenceAggregate(container_validation=ValidationResult(valid=False, container_id='3b727aeed53d', checks=[SecurityCheck(property_name='privileged', passed=True, observed_value=False, expected_condition='Privileged must be false', severity='error'), SecurityCheck(property_name='privileged', passed=True, observed_value=False, expected_condition='Privileged must be False', severity='error'), SecurityCheck(property_name='readonly_rootfs', passed=False, observed_value=False, expected_condition='ReadonlyRootfs must be true for hardened configuration', severity='error'), SecurityCheck(property_name='bind_mounts', passed=True, observed_value={'invalid_mounts': 'none', 'approved_tmpfs_mounts': 'none', 'total_mounts': 0}, expected_condition='Only approved tmpfs mounts at /tmp and /analysis/temp (max 64MB, nosuid, nodev, noexec)', severity='error'), SecurityCheck(property_name='docker_socket_access', passed=True, observed_value='none', expected_condition='Docker socket must not be mounted', severity='error'), SecurityCheck(property_name='host_filesystem_mounts', passed=True, observed_value='none', expected_condition='Host filesystem must not be mounted', severity='error'), SecurityCheck(property_name='pid_mode', passed=True, observed_value='default', expected_condition="PidMode must not be 'host' and must have explicit isolation", severity='error'), SecurityCheck(property_name='ipc_mode', passed=True, observed_value='private', expected_condition="IpcMode must not be 'host' and must have explicit isolation", severity='error'), SecurityCheck(property_name='network_mode', passed=True, observed_value='bridge', expected_condition="NetworkMode must be 'bridge' for controlled external access", severity='error'), SecurityCheck(property_name='capabilities', passed=False, observed_value={'cap_add': [], 'cap_drop': [], 'has_all_drop': False, 'has_any_cap_add': False}, expected_condition="CapDrop must contain 'ALL', no CapAdd entries allowed", severity='error'), SecurityCheck(property_name='no_new_privileges', passed=False, observed_value=[], expected_condition='no-new-privileges must be enabled in SecurityOpt', severity='error'), SecurityCheck(property_name='memory_limit', passed=True, observed_value=67108864, expected_condition='Memory limit must be configured (> 0)', severity='error'), SecurityCheck(property_name='pid_limit', passed=True, observed_value=50, expected_condition='PID limit must be configured', severity='error'), SecurityCheck(property_name='cpu_limits', passed=False, observed_value={'cpu_quota': 0, 'cpu_period': 0, 'cpu_shares': 0, 'nano_cpus': 0, 'cpuset_cpus': ''}, expected_condition='At least one CPU restriction must be configured', severity='error'), SecurityCheck(property_name='user', passed=True, observed_value='nobody', expected_condition='Container must run as non-root user', severity='error'), SecurityCheck(property_name='tmpfs_restrictions', passed=True, observed_value='none', expected_condition="Tmpfs only allowed in: {'/analysis/temp', '/tmp'}", severity='error')], violations=[SecurityCheck(property_name='readonly_rootfs', passed=False, observed_value=False, expected_condition='ReadonlyRootfs must be true for hardened configuration', severity='error'), SecurityCheck(property_name='capabilities', passed=False, observed_value={'cap_add': [], 'cap_drop': [], 'has_all_drop': False, 'has_any_cap_add': False}, expected_condition="CapDrop must contain 'ALL', no CapAdd entries allowed", severity='error'), SecurityCheck(property_name='no_new_privileges', passed=False, observed_value=[], expected_condition='no-new-privileges must be enabled in SecurityOpt', severity='error'), SecurityCheck(property_name='cpu_limits', passed=False, observed_value={'cpu_quota': 0, 'cpu_period': 0, 'cpu_shares': 0, 'nano_cpus': 0, 'cpuset_cpus': ''}, expected_condition='At least one CPU restriction must be configured', severity='error')], timestamp=datetime.datetime(2026, 8, 30, 22, 23, 19, 756411, tzinfo=datetime.timezone.utc)), filesystem_evidence={}, process_evidence={}, network_evidence={}, timestamp=datetime.datetime(2026, 8, 30, 22, 23, 19, 770271, tzinfo=datetime.timezone.utc), config_runtime_consistent=False, all_critical_evidence_collected=False, evidence_collection_errors=['in_container_probe_runner_exit_code_127: OCI runtime exec failed: exec failed: unable to start container process: chdir to cwd ("/analysis") set in config.json failed: no such file or directory\r\n', 'invalid_probe_output_format: OCI runtime exec failed: exec failed: unable to start container process: chdir to cwd ("/analysis") set in config.json failed: no such file or directory\r\n']), security_critical_failures=['container_configuration_invalid', 'config_readonly_rootfs', 'config_capabilities', 'config_no_new_privileges', 'config_cpu_limits', 'critical_evidence_missing', 'missing_rootfs_readonly', 'missing_tmpfs_writability', 'missing_pid_namespace_evidence', 'missing_process_visibility', 'missing_network_namespace_evidence', 'missing_network_interface_evidence', 'evidence_collection_errors', 'collection_error: in_container_probe_runner_exit_code_127: OCI runtime exec failed: exec failed: unable to start container process: chdir to cwd ("/analysis") set in config.json failed: no such file or directory\r\n', 'collection_error: invalid_probe_output_format: OCI runtime exec failed: exec failed: unable to start container process: chdir to cwd ("/analysis") set in config.json failed: no such file or directory\r\n', 'config_runtime_inconsistent'], warnings=[], error_message='container_configuration_invalid ; config_readonly_rootfs ; config_capabilities ; config_no_new_privileges ; config_cpu_limits ; critical_evidence_missing ; missing_rootfs_readonly ; missing_tmpfs_writability ; missing_pid_namespace_evidence ; missing_process_visibility ; missing_network_namespace_evidence ; missing_network_interface_evidence ; evidence_collection_errors ; collection_error: in_container_probe_runner_exit_code_127: OCI runtime exec failed: exec failed: unable to start container process: chdir to cwd ("/analysis") set in config.json failed: no such file or directory\r\n ; collection_error: invalid_probe_output_format: OCI runtime exec failed: exec failed: unable to start container process: chdir to cwd ("/analysis") set in config.json failed: no such file or directory\r\n ; config_runtime_inconsistent', timestamp=datetime.datetime(2026, 8, 30, 22, 23, 19, 911626, tzinfo=datetime.timezone.utc)).evidence
======================== 5 failed, 89 passed in 34.48s ========================
